Archive member included to satisfy reference by file (symbol)

/opt/st/stm32cubeide_1.3.0/plugins/com.st.stm32cube.ide.mcu.externaltools.gnu-tools-for-stm32.7-2018-q2-update.linux64_1.0.0.201904181610/tools/bin/../lib/gcc/arm-none-eabi/7.3.1/../../../../arm-none-eabi/lib/thumb/v7-m/libc_nano.a(lib_a-atoi.o)
                              src/cmd.o (atoi)
/opt/st/stm32cubeide_1.3.0/plugins/com.st.stm32cube.ide.mcu.externaltools.gnu-tools-for-stm32.7-2018-q2-update.linux64_1.0.0.201904181610/tools/bin/../lib/gcc/arm-none-eabi/7.3.1/../../../../arm-none-eabi/lib/thumb/v7-m/libc_nano.a(lib_a-errno.o)
                              src/syscalls.o (__errno)
/opt/st/stm32cubeide_1.3.0/plugins/com.st.stm32cube.ide.mcu.externaltools.gnu-tools-for-stm32.7-2018-q2-update.linux64_1.0.0.201904181610/tools/bin/../lib/gcc/arm-none-eabi/7.3.1/../../../../arm-none-eabi/lib/thumb/v7-m/libc_nano.a(lib_a-exit.o)
                              /opt/st/stm32cubeide_1.3.0/plugins/com.st.stm32cube.ide.mcu.externaltools.gnu-tools-for-stm32.7-2018-q2-update.linux64_1.0.0.201904181610/tools/bin/../lib/gcc/arm-none-eabi/7.3.1/../../../../arm-none-eabi/lib/thumb/v7-m/crt0.o (exit)
/opt/st/stm32cubeide_1.3.0/plugins/com.st.stm32cube.ide.mcu.externaltools.gnu-tools-for-stm32.7-2018-q2-update.linux64_1.0.0.201904181610/tools/bin/../lib/gcc/arm-none-eabi/7.3.1/../../../../arm-none-eabi/lib/thumb/v7-m/libc_nano.a(lib_a-impure.o)
                              /opt/st/stm32cubeide_1.3.0/plugins/com.st.stm32cube.ide.mcu.externaltools.gnu-tools-for-stm32.7-2018-q2-update.linux64_1.0.0.201904181610/tools/bin/../lib/gcc/arm-none-eabi/7.3.1/../../../../arm-none-eabi/lib/thumb/v7-m/libc_nano.a(lib_a-exit.o) (_global_impure_ptr)
/opt/st/stm32cubeide_1.3.0/plugins/com.st.stm32cube.ide.mcu.externaltools.gnu-tools-for-stm32.7-2018-q2-update.linux64_1.0.0.201904181610/tools/bin/../lib/gcc/arm-none-eabi/7.3.1/../../../../arm-none-eabi/lib/thumb/v7-m/libc_nano.a(lib_a-init.o)
                              /opt/st/stm32cubeide_1.3.0/plugins/com.st.stm32cube.ide.mcu.externaltools.gnu-tools-for-stm32.7-2018-q2-update.linux64_1.0.0.201904181610/tools/bin/../lib/gcc/arm-none-eabi/7.3.1/../../../../arm-none-eabi/lib/thumb/v7-m/crt0.o (__libc_init_array)
/opt/st/stm32cubeide_1.3.0/plugins/com.st.stm32cube.ide.mcu.externaltools.gnu-tools-for-stm32.7-2018-q2-update.linux64_1.0.0.201904181610/tools/bin/../lib/gcc/arm-none-eabi/7.3.1/../../../../arm-none-eabi/lib/thumb/v7-m/libc_nano.a(lib_a-locale.o)
                              src/tok.o (__locale_ctype_ptr)
/opt/st/stm32cubeide_1.3.0/plugins/com.st.stm32cube.ide.mcu.externaltools.gnu-tools-for-stm32.7-2018-q2-update.linux64_1.0.0.201904181610/tools/bin/../lib/gcc/arm-none-eabi/7.3.1/../../../../arm-none-eabi/lib/thumb/v7-m/libc_nano.a(lib_a-mbtowc_r.o)
                              /opt/st/stm32cubeide_1.3.0/plugins/com.st.stm32cube.ide.mcu.externaltools.gnu-tools-for-stm32.7-2018-q2-update.linux64_1.0.0.201904181610/tools/bin/../lib/gcc/arm-none-eabi/7.3.1/../../../../arm-none-eabi/lib/thumb/v7-m/libc_nano.a(lib_a-locale.o) (__ascii_mbtowc)
/opt/st/stm32cubeide_1.3.0/plugins/com.st.stm32cube.ide.mcu.externaltools.gnu-tools-for-stm32.7-2018-q2-update.linux64_1.0.0.201904181610/tools/bin/../lib/gcc/arm-none-eabi/7.3.1/../../../../arm-none-eabi/lib/thumb/v7-m/libc_nano.a(lib_a-memchr-stub.o)
                              src/tok.o (memchr)
/opt/st/stm32cubeide_1.3.0/plugins/com.st.stm32cube.ide.mcu.externaltools.gnu-tools-for-stm32.7-2018-q2-update.linux64_1.0.0.201904181610/tools/bin/../lib/gcc/arm-none-eabi/7.3.1/../../../../arm-none-eabi/lib/thumb/v7-m/libc_nano.a(lib_a-memcmp.o)
                              src/cmd.o (memcmp)
/opt/st/stm32cubeide_1.3.0/plugins/com.st.stm32cube.ide.mcu.externaltools.gnu-tools-for-stm32.7-2018-q2-update.linux64_1.0.0.201904181610/tools/bin/../lib/gcc/arm-none-eabi/7.3.1/../../../../arm-none-eabi/lib/thumb/v7-m/libc_nano.a(lib_a-memcpy-stub.o)
                              FreeRTOS/source/queue.o (memcpy)
/opt/st/stm32cubeide_1.3.0/plugins/com.st.stm32cube.ide.mcu.externaltools.gnu-tools-for-stm32.7-2018-q2-update.linux64_1.0.0.201904181610/tools/bin/../lib/gcc/arm-none-eabi/7.3.1/../../../../arm-none-eabi/lib/thumb/v7-m/libc_nano.a(lib_a-memset.o)
                              /opt/st/stm32cubeide_1.3.0/plugins/com.st.stm32cube.ide.mcu.externaltools.gnu-tools-for-stm32.7-2018-q2-update.linux64_1.0.0.201904181610/tools/bin/../lib/gcc/arm-none-eabi/7.3.1/../../../../arm-none-eabi/lib/thumb/v7-m/crt0.o (memset)
/opt/st/stm32cubeide_1.3.0/plugins/com.st.stm32cube.ide.mcu.externaltools.gnu-tools-for-stm32.7-2018-q2-update.linux64_1.0.0.201904181610/tools/bin/../lib/gcc/arm-none-eabi/7.3.1/../../../../arm-none-eabi/lib/thumb/v7-m/libc_nano.a(lib_a-nano-vfprintf_float.o)
                              (_printf_float)
[...]
Memory Configuration

Name             Origin             Length             Attributes
FLASH            0x0000000008000000 0x0000000000010000 xr
RAM              0x0000000020000000 0x0000000000005000 xrw
*default*        0x0000000000000000 0xffffffffffffffff

Linker script and memory map

LOAD /opt/st/stm32cubeide_1.3.0/plugins/com.st.stm32cube.ide.mcu.externaltools.gnu-tools-for-stm32.7-2018-q2-update.linux64_1.0.0.201904181610/tools/bin/../lib/gcc/arm-none-eabi/7.3.1/thumb/v7-m/crti.o
LOAD /opt/st/stm32cubeide_1.3.0/plugins/com.st.stm32cube.ide.mcu.externaltools.gnu-tools-for-stm32.7-2018-q2-update.linux64_1.0.0.201904181610/tools/bin/../lib/gcc/arm-none-eabi/7.3.1/thumb/v7-m/crtbegin.o
LOAD /opt/st/stm32cubeide_1.3.0/plugins/com.st.stm32cube.ide.mcu.externaltools.gnu-tools-for-stm32.7-2018-q2-update.linux64_1.0.0.201904181610/tools/bin/../lib/gcc/arm-none-eabi/7.3.1/../../../../arm-none-eabi/lib/thumb/v7-m/crt0.o
LOAD CMSIS/core/core_cm3.o
LOAD FreeRTOS/source/croutine.o
LOAD FreeRTOS/source/event_groups.o
LOAD FreeRTOS/source/heap_1.o
LOAD FreeRTOS/source/list.o
LOAD FreeRTOS/source/port.o
LOAD FreeRTOS/source/queue.o
LOAD FreeRTOS/source/stream_buffer.o
LOAD FreeRTOS/source/tasks.o
LOAD FreeRTOS/source/timers.o
LOAD StdPeriph_Driver/src/misc.o
LOAD StdPeriph_Driver/src/stm32f10x_adc.o
LOAD StdPeriph_Driver/src/stm32f10x_bkp.o
LOAD StdPeriph_Driver/src/stm32f10x_can.o
LOAD StdPeriph_Driver/src/stm32f10x_cec.o
LOAD StdPeriph_Driver/src/stm32f10x_crc.o
LOAD StdPeriph_Driver/src/stm32f10x_dac.o
LOAD StdPeriph_Driver/src/stm32f10x_dbgmcu.o
LOAD StdPeriph_Driver/src/stm32f10x_dma.o
LOAD StdPeriph_Driver/src/stm32f10x_exti.o
LOAD StdPeriph_Driver/src/stm32f10x_flash.o
LOAD StdPeriph_Driver/src/stm32f10x_fsmc.o
LOAD StdPeriph_Driver/src/stm32f10x_gpio.o
LOAD StdPeriph_Driver/src/stm32f10x_i2c.o
LOAD StdPeriph_Driver/src/stm32f10x_iwdg.o
LOAD StdPeriph_Driver/src/stm32f10x_pwr.o
LOAD StdPeriph_Driver/src/stm32f10x_rcc.o
LOAD StdPeriph_Driver/src/stm32f10x_rtc.o
LOAD StdPeriph_Driver/src/stm32f10x_sdio.o
LOAD StdPeriph_Driver/src/stm32f10x_spi.o
LOAD StdPeriph_Driver/src/stm32f10x_tim.o
LOAD StdPeriph_Driver/src/stm32f10x_usart.o
LOAD StdPeriph_Driver/src/stm32f10x_wwdg.o
LOAD src/KS0108-STM32.o
LOAD src/KS0108.o
LOAD src/SysInit.o
LOAD src/can.o
LOAD src/cmd.o
LOAD src/debug.o
LOAD src/graphic.o
LOAD src/hardware.o
LOAD src/main.o
LOAD src/ring_buffer.o
LOAD src/stm32f1xx_it.o
LOAD src/syscalls.o
LOAD src/system_stm32f10x.o
LOAD src/tok.o
LOAD src/utility.o
LOAD startup/startup_stm32.o
START GROUP
LOAD /opt/st/stm32cubeide_1.3.0/plugins/com.st.stm32cube.ide.mcu.externaltools.gnu-tools-for-stm32.7-2018-q2-update.linux64_1.0.0.201904181610/tools/bin/../lib/gcc/arm-none-eabi/7.3.1/../../../../arm-none-eabi/lib/thumb/v7-m/libc_nano.a
LOAD /opt/st/stm32cubeide_1.3.0/plugins/com.st.stm32cube.ide.mcu.externaltools.gnu-tools-for-stm32.7-2018-q2-update.linux64_1.0.0.201904181610/tools/bin/../lib/gcc/arm-none-eabi/7.3.1/../../../../arm-none-eabi/lib/thumb/v7-m/libm.a
END GROUP
START GROUP
LOAD /opt/st/stm32cubeide_1.3.0/plugins/com.st.stm32cube.ide.mcu.externaltools.gnu-tools-for-stm32.7-2018-q2-update.linux64_1.0.0.201904181610/tools/bin/../lib/gcc/arm-none-eabi/7.3.1/thumb/v7-m/libgcc.a
LOAD /opt/st/stm32cubeide_1.3.0/plugins/com.st.stm32cube.ide.mcu.externaltools.gnu-tools-for-stm32.7-2018-q2-update.linux64_1.0.0.201904181610/tools/bin/../lib/gcc/arm-none-eabi/7.3.1/../../../../arm-none-eabi/lib/thumb/v7-m/libc_nano.a
END GROUP
START GROUP
LOAD /opt/st/stm32cubeide_1.3.0/plugins/com.st.stm32cube.ide.mcu.externaltools.gnu-tools-for-stm32.7-2018-q2-update.linux64_1.0.0.201904181610/tools/bin/../lib/gcc/arm-none-eabi/7.3.1/thumb/v7-m/libgcc.a
LOAD /opt/st/stm32cubeide_1.3.0/plugins/com.st.stm32cube.ide.mcu.externaltools.gnu-tools-for-stm32.7-2018-q2-update.linux64_1.0.0.201904181610/tools/bin/../lib/gcc/arm-none-eabi/7.3.1/../../../../arm-none-eabi/lib/thumb/v7-m/libc_nano.a
LOAD /opt/st/stm32cubeide_1.3.0/plugins/com.st.stm32cube.ide.mcu.externaltools.gnu-tools-for-stm32.7-2018-q2-update.linux64_1.0.0.201904181610/tools/bin/../lib/gcc/arm-none-eabi/7.3.1/../../../../arm-none-eabi/lib/thumb/v7-m/libnosys.a
END GROUP
START GROUP
LOAD /opt/st/stm32cubeide_1.3.0/plugins/com.st.stm32cube.ide.mcu.externaltools.gnu-tools-for-stm32.7-2018-q2-update.linux64_1.0.0.201904181610/tools/bin/../lib/gcc/arm-none-eabi/7.3.1/thumb/v7-m/libgcc.a
LOAD /opt/st/stm32cubeide_1.3.0/plugins/com.st.stm32cube.ide.mcu.externaltools.gnu-tools-for-stm32.7-2018-q2-update.linux64_1.0.0.201904181610/tools/bin/../lib/gcc/arm-none-eabi/7.3.1/../../../../arm-none-eabi/lib/thumb/v7-m/libc_nano.a
LOAD /opt/st/stm32cubeide_1.3.0/plugins/com.st.stm32cube.ide.mcu.externaltools.gnu-tools-for-stm32.7-2018-q2-update.linux64_1.0.0.201904181610/tools/bin/../lib/gcc/arm-none-eabi/7.3.1/../../../../arm-none-eabi/lib/thumb/v7-m/libnosys.a
END GROUP
LOAD /opt/st/stm32cubeide_1.3.0/plugins/com.st.stm32cube.ide.mcu.externaltools.gnu-tools-for-stm32.7-2018-q2-update.linux64_1.0.0.201904181610/tools/bin/../lib/gcc/arm-none-eabi/7.3.1/thumb/v7-m/crtend.o
LOAD /opt/st/stm32cubeide_1.3.0/plugins/com.st.stm32cube.ide.mcu.externaltools.gnu-tools-for-stm32.7-2018-q2-update.linux64_1.0.0.201904181610/tools/bin/../lib/gcc/arm-none-eabi/7.3.1/thumb/v7-m/crtn.o
                0x0000000020004fff                _estack = 0x20004fff
                0x0000000000000200                _Min_Heap_Size = 0x200
                0x0000000000000800                _Min_Stack_Size = 0x800

.isr_vector     0x0000000008000000      0x10c
                0x0000000008000000                . = ALIGN (0x4)
 *(.isr_vector)
 .isr_vector    0x0000000008000000      0x10c startup/startup_stm32.o
                0x0000000008000000                g_pfnVectors
                0x000000000800010c                . = ALIGN (0x4)

.text           0x0000000008000110     0x6d10
                0x0000000008000110                . = ALIGN (0x4)
 *(.text)
 .text          0x0000000008000110       0x40 /opt/st/stm32cubeide_1.3.0/plugins/com.st.stm32cube.ide.mcu.externaltools.gnu-tools-for-stm32.7-2018-q2-update.linux64_1.0.0.201904181610/tools/bin/../lib/gcc/arm-none-eabi/7.3.1/thumb/v7-m/crtbegin.o
 .text          0x0000000008000150       0x10 /opt/st/stm32cubeide_1.3.0/plugins/com.st.stm32cube.ide.mcu.externaltools.gnu-tools-for-stm32.7-2018-q2-update.linux64_1.0.0.201904181610/tools/bin/../lib/gcc/arm-none-eabi/7.3.1/../../../../arm-none-eabi/lib/thumb/v7-m/libc_nano.a(lib_a-strlen.o)
                0x0000000008000150                strlen
 .text          0x0000000008000160      0x378 /opt/st/stm32cubeide_1.3.0/plugins/com.st.stm32cube.ide.mcu.externaltools.gnu-tools-for-stm32.7-2018-q2-update.linux64_1.0.0.201904181610/tools/bin/../lib/gcc/arm-none-eabi/7.3.1/thumb/v7-m/libgcc.a(_arm_addsubdf3.o)
                0x0000000008000160                __aeabi_drsub
                0x0000000008000168                __aeabi_dsub
                0x0000000008000168                __subdf3
                0x000000000800016c                __adddf3
                0x000000000800016c                __aeabi_dadd
                0x00000000080003e4                __aeabi_ui2d
                0x00000000080003e4                __floatunsidf
                0x0000000008000404                __floatsidf
                0x0000000008000404                __aeabi_i2d
                0x0000000008000428                __extendsfdf2
                0x0000000008000428                __aeabi_f2d
                0x000000000800046c                __aeabi_ul2d
                0x000000000800046c                __floatundidf
                0x000000000800047c                __floatdidf
                0x000000000800047c                __aeabi_l2d
 .text          0x00000000080004d8      0x424 /opt/st/stm32cubeide_1.3.0/plugins/com.st.stm32cube.ide.mcu.externaltools.gnu-tools-for-stm32.7-2018-q2-update.linux64_1.0.0.201904181610/tools/bin/../lib/gcc/arm-none-eabi/7.3.1/thumb/v7-m/libgcc.a(_arm_muldivdf3.o)
                0x00000000080004d8                __aeabi_dmul
                0x00000000080004d8                __muldf3
                0x000000000800072c                __aeabi_ddiv
                0x000000000800072c                __divdf3
 .text          0x00000000080008fc      0x110 /opt/st/stm32cubeide_1.3.0/plugins/com.st.stm32cube.ide.mcu.externaltools.gnu-tools-for-stm32.7-2018-q2-update.linux64_1.0.0.201904181610/tools/bin/../lib/gcc/arm-none-eabi/7.3.1/thumb/v7-m/libgcc.a(_arm_cmpdf2.o)
                0x00000000080008fc                __gtdf2
                0x00000000080008fc                __gedf2
                0x0000000008000904                __ltdf2
                0x0000000008000904                __ledf2
                0x000000000800090c                __cmpdf2
                0x000000000800090c                __eqdf2
                0x000000000800090c                __nedf2
                0x0000000008000988                __aeabi_cdrcmple
                0x0000000008000998                __aeabi_cdcmple
                0x0000000008000998                __aeabi_cdcmpeq
                0x00000000080009a8                __aeabi_dcmpeq
                0x00000000080009bc                __aeabi_dcmplt
                0x00000000080009d0                __aeabi_dcmple
                0x00000000080009e4                __aeabi_dcmpge
                0x00000000080009f8                __aeabi_dcmpgt
 .text          0x0000000008000a0c       0x2c /opt/st/stm32cubeide_1.3.0/plugins/com.st.stm32cube.ide.mcu.externaltools.gnu-tools-for-stm32.7-2018-q2-update.linux64_1.0.0.201904181610/tools/bin/../lib/gcc/arm-none-eabi/7.3.1/thumb/v7-m/libgcc.a(_arm_unorddf2.o)
                0x0000000008000a0c                __aeabi_dcmpun
                0x0000000008000a0c                __unorddf2
 .text          0x0000000008000a38       0x50 /opt/st/stm32cubeide_1.3.0/plugins/com.st.stm32cube.ide.mcu.externaltools.gnu-tools-for-stm32.7-2018-q2-update.linux64_1.0.0.201904181610/tools/bin/../lib/gcc/arm-none-eabi/7.3.1/thumb/v7-m/libgcc.a(_arm_fixdfsi.o)
                0x0000000008000a38                __fixdfsi
                0x0000000008000a38                __aeabi_d2iz
 .text          0x0000000008000a88       0x40 /opt/st/stm32cubeide_1.3.0/plugins/com.st.stm32cube.ide.mcu.externaltools.gnu-tools-for-stm32.7-2018-q2-update.linux64_1.0.0.201904181610/tools/bin/../lib/gcc/arm-none-eabi/7.3.1/thumb/v7-m/libgcc.a(_arm_fixunsdfsi.o)
                0x0000000008000a88                __fixunsdfsi
                0x0000000008000a88                __aeabi_d2uiz
 .text          0x0000000008000ac8       0x30 /opt/st/stm32cubeide_1.3.0/plugins/com.st.stm32cube.ide.mcu.externaltools.gnu-tools-for-stm32.7-2018-q2-update.linux64_1.0.0.201904181610/tools/bin/../lib/gcc/arm-none-eabi/7.3.1/thumb/v7-m/libgcc.a(_aeabi_uldivmod.o)
                0x0000000008000ac8                __aeabi_uldivmod
 .text          0x0000000008000af8      0x2d0 /opt/st/stm32cubeide_1.3.0/plugins/com.st.stm32cube.ide.mcu.externaltools.gnu-tools-for-stm32.7-2018-q2-update.linux64_1.0.0.201904181610/tools/bin/../lib/gcc/arm-none-eabi/7.3.1/thumb/v7-m/libgcc.a(_udivmoddi4.o)
                0x0000000008000af8                __udivmoddi4
 .text          0x0000000008000dc8        0x4 /opt/st/stm32cubeide_1.3.0/plugins/com.st.stm32cube.ide.mcu.externaltools.gnu-tools-for-stm32.7-2018-q2-update.linux64_1.0.0.201904181610/tools/bin/../lib/gcc/arm-none-eabi/7.3.1/thumb/v7-m/libgcc.a(_dvmd_tls.o)
                0x0000000008000dc8                __aeabi_ldiv0
                0x0000000008000dc8                __aeabi_idiv0
 *(.text*)
 .text.pvPortMalloc
                0x0000000008000dcc       0x60 FreeRTOS/source/heap_1.o
                0x0000000008000dcc                pvPortMalloc
 .text.vPortFree
                0x0000000008000e2c        0x2 FreeRTOS/source/heap_1.o
                0x0000000008000e2c                vPortFree
 .text.vListInitialise
                0x0000000008000e2e       0x16 FreeRTOS/source/list.o
                0x0000000008000e2e                vListInitialise
 .text.vListInitialiseItem
                0x0000000008000e44        0x6 FreeRTOS/source/list.o
                0x0000000008000e44                vListInitialiseItem
 .text.vListInsertEnd
                0x0000000008000e4a       0x18 FreeRTOS/source/list.o
                0x0000000008000e4a                vListInsertEnd
 .text.vListInsert
                0x0000000008000e62       0x34 FreeRTOS/source/list.o
                0x0000000008000e62                vListInsert
 .text.uxListRemove
                0x0000000008000e96       0x28 FreeRTOS/source/list.o
                0x0000000008000e96                uxListRemove
 .text.prvTaskExitError
                0x0000000008000ebe       0x20 FreeRTOS/source/port.o
 *fill*         0x0000000008000ede        0x2 
 .text.prvPortStartFirstTask
                0x0000000008000ee0       0x20 FreeRTOS/source/port.o
 .text.pxPortInitialiseStack
                0x0000000008000f00       0x24 FreeRTOS/source/port.o
                0x0000000008000f00                pxPortInitialiseStack
 *fill*         0x0000000008000f24        0xc 
 .text.SVC_Handler
                0x0000000008000f30       0x24 FreeRTOS/source/port.o
                0x0000000008000f30                SVC_Handler
 .text.vPortEnterCritical
                0x0000000008000f54       0x20 FreeRTOS/source/port.o
                0x0000000008000f54                vPortEnterCritical
 .text.vPortExitCritical
                0x0000000008000f74       0x14 FreeRTOS/source/port.o
                0x0000000008000f74                vPortExitCritical
 *fill*         0x0000000008000f88        0x8 
 .text.PendSV_Handler
                0x0000000008000f90       0x44 FreeRTOS/source/port.o
                0x0000000008000f90                PendSV_Handler
 .text.SysTick_Handler
                0x0000000008000fd4       0x2c FreeRTOS/source/port.o
                0x0000000008000fd4                SysTick_Handler
 .text.vPortSetupTimerInterrupt
                0x0000000008001000       0x28 FreeRTOS/source/port.o
                0x0000000008001000                vPortSetupTimerInterrupt
 .text.xPortStartScheduler
                0x0000000008001028       0x38 FreeRTOS/source/port.o
                0x0000000008001028                xPortStartScheduler
 .text.prvIsQueueFull
                0x0000000008001060       0x1e FreeRTOS/source/queue.o
 .text.prvIsQueueEmpty
                0x000000000800107e       0x1a FreeRTOS/source/queue.o
 .text.prvCopyDataToQueue
                0x0000000008001098       0x58 FreeRTOS/source/queue.o
 .text.prvCopyDataFromQueue
                0x00000000080010f0       0x24 FreeRTOS/source/queue.o
 .text.prvUnlockQueue
                0x0000000008001114       0x6e FreeRTOS/source/queue.o
 *fill*         0x0000000008001182        0x2 
 .text.xQueueGenericReset
                0x0000000008001184       0x70 FreeRTOS/source/queue.o
                0x0000000008001184                xQueueGenericReset
 .text.prvInitialiseNewQueue
                0x00000000080011f4       0x1c FreeRTOS/source/queue.o
 .text.xQueueGenericCreate
                0x0000000008001210       0x34 FreeRTOS/source/queue.o
                0x0000000008001210                xQueueGenericCreate
 .text.xQueueGenericSend
                0x0000000008001244      0x118 FreeRTOS/source/queue.o
                0x0000000008001244                xQueueGenericSend
 .text.xQueueGenericSendFromISR
                0x000000000800135c       0x6e FreeRTOS/source/queue.o
                0x000000000800135c                xQueueGenericSendFromISR
 *fill*         0x00000000080013ca        0x2 
 .text.xQueueReceive
                0x00000000080013cc      0x10c FreeRTOS/source/queue.o
                0x00000000080013cc                xQueueReceive
 .text.xQueueSemaphoreTake
                0x00000000080014d8      0x104 FreeRTOS/source/queue.o
                0x00000000080014d8                xQueueSemaphoreTake
 .text.vQueueWaitForMessageRestricted
                0x00000000080015dc       0x52 FreeRTOS/source/queue.o
                0x00000000080015dc                vQueueWaitForMessageRestricted
 *fill*         0x000000000800162e        0x2 
 .text.prvResetNextTaskUnblockTime
                0x0000000008001630       0x2c FreeRTOS/source/tasks.o
 .text.prvDeleteTCB
                0x000000000800165c       0x12 FreeRTOS/source/tasks.o
 .text.prvInitialiseNewTask
                0x000000000800166e       0x82 FreeRTOS/source/tasks.o
 .text.prvInitialiseTaskLists
                0x00000000080016f0       0x68 FreeRTOS/source/tasks.o
 .text.prvAddNewTaskToReadyList
                0x0000000008001758       0xa8 FreeRTOS/source/tasks.o
 .text.prvCheckTasksWaitingTermination
                0x0000000008001800       0x4c FreeRTOS/source/tasks.o
 .text.prvIdleTask
                0x000000000800184c       0x28 FreeRTOS/source/tasks.o
 .text.prvAddCurrentTaskToDelayedList
                0x0000000008001874       0x98 FreeRTOS/source/tasks.o
 .text.xTaskCreate
                0x000000000800190c       0x62 FreeRTOS/source/tasks.o
                0x000000000800190c                xTaskCreate
 *fill*         0x000000000800196e        0x2 
 .text.vTaskStartScheduler
                0x0000000008001970       0x6c FreeRTOS/source/tasks.o
                0x0000000008001970                vTaskStartScheduler
 .text.vTaskSuspendAll
                0x00000000080019dc       0x10 FreeRTOS/source/tasks.o
                0x00000000080019dc                vTaskSuspendAll
 .text.xTaskGetTickCount
                0x00000000080019ec        0xc FreeRTOS/source/tasks.o
                0x00000000080019ec                xTaskGetTickCount
 .text.xTaskIncrementTick
                0x00000000080019f8      0x100 FreeRTOS/source/tasks.o
                0x00000000080019f8                xTaskIncrementTick
 .text.xTaskResumeAll
                0x0000000008001af8       0xe4 FreeRTOS/source/tasks.o
                0x0000000008001af8                xTaskResumeAll
 .text.vTaskDelay
                0x0000000008001bdc       0x34 FreeRTOS/source/tasks.o
                0x0000000008001bdc                vTaskDelay
 .text.vTaskSwitchContext
                0x0000000008001c10       0x7c FreeRTOS/source/tasks.o
                0x0000000008001c10                vTaskSwitchContext
 .text.vTaskPlaceOnEventList
                0x0000000008001c8c       0x1c FreeRTOS/source/tasks.o
                0x0000000008001c8c                vTaskPlaceOnEventList
 .text.vTaskPlaceOnEventListRestricted
                0x0000000008001ca8       0x24 FreeRTOS/source/tasks.o
                0x0000000008001ca8                vTaskPlaceOnEventListRestricted
 .text.xTaskRemoveFromEventList
                0x0000000008001ccc       0x78 FreeRTOS/source/tasks.o
                0x0000000008001ccc                xTaskRemoveFromEventList
 .text.vTaskInternalSetTimeOutState
                0x0000000008001d44       0x18 FreeRTOS/source/tasks.o
                0x0000000008001d44                vTaskInternalSetTimeOutState
 .text.xTaskCheckForTimeOut
                0x0000000008001d5c       0x58 FreeRTOS/source/tasks.o
                0x0000000008001d5c                xTaskCheckForTimeOut
 .text.vTaskMissedYield
                0x0000000008001db4        0xc FreeRTOS/source/tasks.o
                0x0000000008001db4                vTaskMissedYield
 .text.xTaskGetSchedulerState
                0x0000000008001dc0       0x20 FreeRTOS/source/tasks.o
                0x0000000008001dc0                xTaskGetSchedulerState
 .text.prvGetNextExpireTime
                0x0000000008001de0       0x20 FreeRTOS/source/timers.o
 .text.prvInsertTimerInActiveList
                0x0000000008001e00       0x48 FreeRTOS/source/timers.o
 .text.prvCheckForValidListAndQueue
                0x0000000008001e48       0x50 FreeRTOS/source/timers.o
 .text.prvInitialiseNewTimer
                0x0000000008001e98       0x38 FreeRTOS/source/timers.o
 .text.xTimerCreateTimerTask
                0x0000000008001ed0       0x3c FreeRTOS/source/timers.o
                0x0000000008001ed0                xTimerCreateTimerTask
 .text.xTimerCreate
                0x0000000008001f0c       0x38 FreeRTOS/source/timers.o
                0x0000000008001f0c                xTimerCreate
 .text.xTimerGenericCommand
                0x0000000008001f44       0x58 FreeRTOS/source/timers.o
                0x0000000008001f44                xTimerGenericCommand
 .text.prvSwitchTimerLists
                0x0000000008001f9c       0x68 FreeRTOS/source/timers.o
 .text.prvSampleTimeNow
                0x0000000008002004       0x2c FreeRTOS/source/timers.o
 .text.prvProcessExpiredTimer
                0x0000000008002030       0x58 FreeRTOS/source/timers.o
 .text.prvProcessTimerOrBlockTask
                0x0000000008002088       0x74 FreeRTOS/source/timers.o
 .text.prvProcessReceivedCommands
                0x00000000080020fc       0xd4 FreeRTOS/source/timers.o
 .text.prvTimerTask
                0x00000000080021d0       0x16 FreeRTOS/source/timers.o
 *fill*         0x00000000080021e6        0x2 
 .text.CAN_DeInit
                0x00000000080021e8       0x38 StdPeriph_Driver/src/stm32f10x_can.o
                0x00000000080021e8                CAN_DeInit
 .text.CAN_Init
                0x0000000008002220      0x10e StdPeriph_Driver/src/stm32f10x_can.o
                0x0000000008002220                CAN_Init
 *fill*         0x000000000800232e        0x2 
 .text.CAN_FilterInit
                0x0000000008002330       0xfc StdPeriph_Driver/src/stm32f10x_can.o
                0x0000000008002330                CAN_FilterInit
 .text.CAN_StructInit
                0x000000000800242c       0x20 StdPeriph_Driver/src/stm32f10x_can.o
                0x000000000800242c                CAN_StructInit
 .text.CAN_Transmit
                0x000000000800244c       0xcc StdPeriph_Driver/src/stm32f10x_can.o
                0x000000000800244c                CAN_Transmit
 .text.CAN_Receive
                0x0000000008002518       0xa4 StdPeriph_Driver/src/stm32f10x_can.o
                0x0000000008002518                CAN_Receive
 .text.CAN_ITConfig
                0x00000000080025bc       0x14 StdPeriph_Driver/src/stm32f10x_can.o
                0x00000000080025bc                CAN_ITConfig
 .text.CAN_ClearITPendingBit
                0x00000000080025d0       0xa0 StdPeriph_Driver/src/stm32f10x_can.o
                0x00000000080025d0                CAN_ClearITPendingBit
 .text.CRC_ResetDR
                0x0000000008002670        0xc StdPeriph_Driver/src/stm32f10x_crc.o
                0x0000000008002670                CRC_ResetDR
 .text.FLASH_Unlock
                0x000000000800267c       0x18 StdPeriph_Driver/src/stm32f10x_flash.o
                0x000000000800267c                FLASH_Unlock
 .text.FLASH_GetBank1Status
                0x0000000008002694       0x34 StdPeriph_Driver/src/stm32f10x_flash.o
                0x0000000008002694                FLASH_GetBank1Status
 .text.FLASH_WaitForLastOperation
                0x00000000080026c8       0x20 StdPeriph_Driver/src/stm32f10x_flash.o
                0x00000000080026c8                FLASH_WaitForLastOperation
 .text.FLASH_ErasePage
                0x00000000080026e8       0x40 StdPeriph_Driver/src/stm32f10x_flash.o
                0x00000000080026e8                FLASH_ErasePage
 .text.FLASH_ProgramWord
                0x0000000008002728       0x6c StdPeriph_Driver/src/stm32f10x_flash.o
                0x0000000008002728                FLASH_ProgramWord
 .text.GPIO_Init
                0x0000000008002794       0x9e StdPeriph_Driver/src/stm32f10x_gpio.o
                0x0000000008002794                GPIO_Init
 *fill*         0x0000000008002832        0x2 
 .text.IWDG_ReloadCounter
                0x0000000008002834       0x10 StdPeriph_Driver/src/stm32f10x_iwdg.o
                0x0000000008002834                IWDG_ReloadCounter
 .text.PWR_BackupAccessCmd
                0x0000000008002844        0xc StdPeriph_Driver/src/stm32f10x_pwr.o
                0x0000000008002844                PWR_BackupAccessCmd
 .text.RCC_APB1PeriphResetCmd
                0x0000000008002850       0x1c StdPeriph_Driver/src/stm32f10x_rcc.o
                0x0000000008002850                RCC_APB1PeriphResetCmd
 .text.RTC_EnterConfigMode
                0x000000000800286c       0x10 StdPeriph_Driver/src/stm32f10x_rtc.o
                0x000000000800286c                RTC_EnterConfigMode
 .text.RTC_ExitConfigMode
                0x000000000800287c       0x14 StdPeriph_Driver/src/stm32f10x_rtc.o
                0x000000000800287c                RTC_ExitConfigMode
 .text.RTC_GetCounter
                0x0000000008002890       0x10 StdPeriph_Driver/src/stm32f10x_rtc.o
                0x0000000008002890                RTC_GetCounter
 .text.RTC_SetCounter
                0x00000000080028a0       0x1c StdPeriph_Driver/src/stm32f10x_rtc.o
                0x00000000080028a0                RTC_SetCounter
 .text.InitGPIO
                0x00000000080028bc      0x100 src/SysInit.o
                0x00000000080028bc                InitGPIO
 .text.InitSPI  0x00000000080029bc       0x1c src/SysInit.o
                0x00000000080029bc                InitSPI
 .text.Init_sys
                0x00000000080029d8       0xbc src/SysInit.o
                0x00000000080029d8                Init_sys
 .text.CanInit  0x0000000008002a94       0x9c src/can.o
                0x0000000008002a94                CanInit
 .text.PrepareMessage_S6
                0x0000000008002b30       0x24 src/can.o
                0x0000000008002b30                PrepareMessage_S6
 .text.Send_S6  0x0000000008002b54       0x28 src/can.o
                0x0000000008002b54                Send_S6
 .text.CAN_set_Deinit
                0x0000000008002b7c       0x14 src/can.o
                0x0000000008002b7c                CAN_set_Deinit
 .text.CAN_set_RX_Init
                0x0000000008002b90       0x28 src/can.o
                0x0000000008002b90                CAN_set_RX_Init
 .text.CAN_set_answer_Init
                0x0000000008002bb8       0x58 src/can.o
                0x0000000008002bb8                CAN_set_answer_Init
 .text.vCanTask
                0x0000000008002c10      0x550 src/can.o
                0x0000000008002c10                vCanTask
 .text.PrepareData
                0x0000000008003160       0xe8 src/can.o
                0x0000000008003160                PrepareData
 .text.CAN_send_msg
                0x0000000008003248       0x34 src/can.o
                0x0000000008003248                CAN_send_msg
 .text.CAN_send_Timer
                0x000000000800327c      0x144 src/can.o
                0x000000000800327c                CAN_send_Timer
 .text.USB_LP_CAN1_RX0_IRQHandler
                0x00000000080033c0       0x50 src/can.o
                0x00000000080033c0                USB_LP_CAN1_RX0_IRQHandler
 .text.GGR_Status
                0x0000000008003410        0xa src/cmd.o
                0x0000000008003410                GGR_Status
 *fill*         0x000000000800341a        0x2 
 .text.GGC_CPUReset
                0x000000000800341c       0x1c src/cmd.o
                0x000000000800341c                GGC_CPUReset
 .text.GGR_GetIOResp
                0x0000000008003438       0x1c src/cmd.o
                0x0000000008003438                GGR_GetIOResp
 .text.GGR_GetGPSResp
                0x0000000008003454       0x1c src/cmd.o
                0x0000000008003454                GGR_GetGPSResp
 .text.GGR_save_param_resp
                0x0000000008003470       0x1c src/cmd.o
                0x0000000008003470                GGR_save_param_resp
 .text.GGR_GetParamResp
                0x000000000800348c       0x6c src/cmd.o
                0x000000000800348c                GGR_GetParamResp
 .text.GGR_SetParamResp
                0x00000000080034f8       0x6c src/cmd.o
                0x00000000080034f8                GGR_SetParamResp
 .text.GGC_TPASS_Handle
                0x0000000008003564       0x32 src/cmd.o
                0x0000000008003564                GGC_TPASS_Handle
 *fill*         0x0000000008003596        0x2 
 .text.GGC_GetParamHandle
                0x0000000008003598      0x100 src/cmd.o
                0x0000000008003598                GGC_GetParamHandle
 .text.GGC_SetParamHandle
                0x0000000008003698      0x1a8 src/cmd.o
                0x0000000008003698                GGC_SetParamHandle
 .text.GGR_TPASS_Resp
                0x0000000008003840       0x48 src/cmd.o
                0x0000000008003840                GGR_TPASS_Resp
 .text.GGC_save_param_Handle
                0x0000000008003888       0x18 src/cmd.o
                0x0000000008003888                GGC_save_param_Handle
 .text.ProcessCommand
                0x00000000080038a0       0xa4 src/cmd.o
                0x00000000080038a0                ProcessCommand
 .text.GetVer   0x0000000008003944        0x8 src/cmd.o
                0x0000000008003944                GetVer
 .text.GGR_GetVer
                0x000000000800394c       0x34 src/cmd.o
                0x000000000800394c                GGR_GetVer
 .text.CMD_Parsing
                0x0000000008003980       0x84 src/cmd.o
                0x0000000008003980                CMD_Parsing
 .text.get_valve_state
                0x0000000008003a04       0x48 src/main.o
                0x0000000008003a04                get_valve_state
 .text.Disp_imp2litr
                0x0000000008003a4c       0x80 src/main.o
                0x0000000008003a4c                Disp_imp2litr
 .text.Get_Global
                0x0000000008003acc       0x84 src/main.o
                0x0000000008003acc                Get_Global
 .text.Disp_Global
                0x0000000008003b50       0x3c src/main.o
                0x0000000008003b50                Disp_Global
 .text.Pr_start
                0x0000000008003b8c       0x20 src/main.o
                0x0000000008003b8c                Pr_start
 .text.Pr_stop  0x0000000008003bac       0x10 src/main.o
                0x0000000008003bac                Pr_stop
 .text.vLogicTask
                0x0000000008003bbc      0x1d8 src/main.o
                0x0000000008003bbc                vLogicTask
 .text.RTC_GetDateTime
                0x0000000008003d94      0x130 src/main.o
                0x0000000008003d94                RTC_GetDateTime
 .text.Disp_time_to_display
                0x0000000008003ec4       0xb0 src/main.o
                0x0000000008003ec4                Disp_time_to_display
 .text.vDisplayTask
                0x0000000008003f74      0x298 src/main.o
                0x0000000008003f74                vDisplayTask
 .text.CRC_Calc
                0x000000000800420c       0x28 src/main.o
                0x000000000800420c                CRC_Calc
 .text.Settings_read
                0x0000000008004234        0xc src/main.o
                0x0000000008004234                Settings_read
 .text.Settings_check
                0x0000000008004240       0x1e src/main.o
                0x0000000008004240                Settings_check
 .text.Settings_write
                0x000000000800425e       0x36 src/main.o
                0x000000000800425e                Settings_write
 .text.Write_settings
                0x0000000008004294       0x48 src/main.o
                0x0000000008004294                Write_settings
 .text.vDefaultTask
                0x00000000080042dc       0x34 src/main.o
                0x00000000080042dc                vDefaultTask
 .text.Settings_default
                0x0000000008004310      0x108 src/main.o
                0x0000000008004310                Settings_default
 .text.Read_settings
                0x0000000008004418       0x54 src/main.o
                0x0000000008004418                Read_settings
 .text.main     0x000000000800446c      0x114 src/main.o
                0x000000000800446c                main
 .text.NMI_Handler
                0x0000000008004580        0x2 src/stm32f1xx_it.o
                0x0000000008004580                NMI_Handler
 .text.HardFault_Handler
                0x0000000008004582        0x2 src/stm32f1xx_it.o
                0x0000000008004582                HardFault_Handler
 .text.MemManage_Handler
                0x0000000008004584        0x2 src/stm32f1xx_it.o
                0x0000000008004584                MemManage_Handler
 .text.BusFault_Handler
                0x0000000008004586        0x2 src/stm32f1xx_it.o
                0x0000000008004586                BusFault_Handler
 .text.UsageFault_Handler
                0x0000000008004588        0x2 src/stm32f1xx_it.o
                0x0000000008004588                UsageFault_Handler
 .text.DebugMon_Handler
                0x000000000800458a        0x2 src/stm32f1xx_it.o
                0x000000000800458a                DebugMon_Handler
 .text.USART1_IRQHandler
                0x000000000800458c        0x2 src/stm32f1xx_it.o
                0x000000000800458c                USART1_IRQHandler
 .text.SPI1_IRQHandler
                0x000000000800458e        0x2 src/stm32f1xx_it.o
                0x000000000800458e                SPI1_IRQHandler
 .text.TIM3_IRQHandler
                0x0000000008004590       0x7c src/stm32f1xx_it.o
                0x0000000008004590                TIM3_IRQHandler
 .text.SetSysClockTo72
                0x000000000800460c       0xc4 src/system_stm32f10x.o
 .text.SetSysClock
                0x00000000080046d0        0x8 src/system_stm32f10x.o
 .text.SystemInit
                0x00000000080046d8       0x50 src/system_stm32f10x.o
                0x00000000080046d8                SystemInit
 .text.nmea_atoi
                0x0000000008004728       0x76 src/tok.o
                0x0000000008004728                nmea_atoi
 *fill*         0x000000000800479e        0x2 
 .text.nmea_atof
                0x00000000080047a0      0x100 src/tok.o
                0x00000000080047a0                nmea_atof
 .text.nmea_scanf
                0x00000000080048a0      0x230 src/tok.o
                0x00000000080048a0                nmea_scanf
 .text.TokenSize
                0x0000000008004ad0       0x1e src/utility.o
                0x0000000008004ad0                TokenSize
 .text.TokenNext
                0x0000000008004aee       0x20 src/utility.o
                0x0000000008004aee                TokenNext
 .text.strcpyEx
                0x0000000008004b0e       0x18 src/utility.o
                0x0000000008004b0e                strcpyEx
 *fill*         0x0000000008004b26        0x2 
 .text.Reset_Handler
                0x0000000008004b28       0x48 startup/startup_stm32.o
                0x0000000008004b28                Reset_Handler
 .text.Default_Handler
                0x0000000008004b70        0x2 startup/startup_stm32.o
                0x0000000008004b70                RTC_Alarm_IRQHandler
                0x0000000008004b70                EXTI2_IRQHandler
                0x0000000008004b70                TIM1_CC_IRQHandler
                0x0000000008004b70                PVD_IRQHandler
                0x0000000008004b70                EXTI3_IRQHandler
                0x0000000008004b70                EXTI0_IRQHandler
                0x0000000008004b70                I2C2_EV_IRQHandler
                0x0000000008004b70                ADC1_2_IRQHandler
                0x0000000008004b70                TAMPER_IRQHandler
                0x0000000008004b70                DMA1_Channel4_IRQHandler
                0x0000000008004b70                USART3_IRQHandler
                0x0000000008004b70                RTC_IRQHandler
                0x0000000008004b70                DMA1_Channel7_IRQHandler
                0x0000000008004b70                CAN1_RX1_IRQHandler
                0x0000000008004b70                TIM4_IRQHandler
                0x0000000008004b70                I2C1_EV_IRQHandler
                0x0000000008004b70                DMA1_Channel6_IRQHandler
                0x0000000008004b70                RCC_IRQHandler
                0x0000000008004b70                TIM1_TRG_COM_IRQHandler
                0x0000000008004b70                DMA1_Channel1_IRQHandler
                0x0000000008004b70                Default_Handler
                0x0000000008004b70                EXTI15_10_IRQHandler
                0x0000000008004b70                EXTI9_5_IRQHandler
                0x0000000008004b70                SPI2_IRQHandler
                0x0000000008004b70                DMA1_Channel5_IRQHandler
                0x0000000008004b70                EXTI4_IRQHandler
                0x0000000008004b70                USB_HP_CAN1_TX_IRQHandler
                0x0000000008004b70                DMA1_Channel3_IRQHandler
                0x0000000008004b70                TIM1_UP_IRQHandler
                0x0000000008004b70                WWDG_IRQHandler
                0x0000000008004b70                TIM2_IRQHandler
                0x0000000008004b70                TIM1_BRK_IRQHandler
                0x0000000008004b70                EXTI1_IRQHandler
                0x0000000008004b70                USART2_IRQHandler
                0x0000000008004b70                I2C2_ER_IRQHandler
                0x0000000008004b70                DMA1_Channel2_IRQHandler
                0x0000000008004b70                CAN1_SCE_IRQHandler
                0x0000000008004b70                FLASH_IRQHandler
                0x0000000008004b70                I2C1_ER_IRQHandler
                0x0000000008004b70                USBWakeUp_IRQHandler
 .text.atoi     0x0000000008004b72        0x8 /opt/st/stm32cubeide_1.3.0/plugins/com.st.stm32cube.ide.mcu.externaltools.gnu-tools-for-stm32.7-2018-q2-update.linux64_1.0.0.201904181610/tools/bin/../lib/gcc/arm-none-eabi/7.3.1/../../../../arm-none-eabi/lib/thumb/v7-m/libc_nano.a(lib_a-atoi.o)
                0x0000000008004b72                atoi
 *fill*         0x0000000008004b7a        0x2 
 .text.__libc_init_array
                0x0000000008004b7c       0x48 /opt/st/stm32cubeide_1.3.0/plugins/com.st.stm32cube.ide.mcu.externaltools.gnu-tools-for-stm32.7-2018-q2-update.linux64_1.0.0.201904181610/tools/bin/../lib/gcc/arm-none-eabi/7.3.1/../../../../arm-none-eabi/lib/thumb/v7-m/libc_nano.a(lib_a-init.o)
                0x0000000008004b7c                __libc_init_array
 .text.__locale_ctype_ptr_l
                0x0000000008004bc4        0x6 /opt/st/stm32cubeide_1.3.0/plugins/com.st.stm32cube.ide.mcu.externaltools.gnu-tools-for-stm32.7-2018-q2-update.linux64_1.0.0.201904181610/tools/bin/../lib/gcc/arm-none-eabi/7.3.1/../../../../arm-none-eabi/lib/thumb/v7-m/libc_nano.a(lib_a-locale.o)
                0x0000000008004bc4                __locale_ctype_ptr_l
 *fill*         0x0000000008004bca        0x2 
 .text.__locale_ctype_ptr
                0x0000000008004bcc       0x1c /opt/st/stm32cubeide_1.3.0/plugins/com.st.stm32cube.ide.mcu.externaltools.gnu-tools-for-stm32.7-2018-q2-update.linux64_1.0.0.201904181610/tools/bin/../lib/gcc/arm-none-eabi/7.3.1/../../../../arm-none-eabi/lib/thumb/v7-m/libc_nano.a(lib_a-locale.o)
                0x0000000008004bcc                __locale_ctype_ptr
 .text.__ascii_mbtowc
                0x0000000008004be8       0x24 /opt/st/stm32cubeide_1.3.0/plugins/com.st.stm32cube.ide.mcu.externaltools.gnu-tools-for-stm32.7-2018-q2-update.linux64_1.0.0.201904181610/tools/bin/../lib/gcc/arm-none-eabi/7.3.1/../../../../arm-none-eabi/lib/thumb/v7-m/libc_nano.a(lib_a-mbtowc_r.o)
                0x0000000008004be8                __ascii_mbtowc
 .text.memchr   0x0000000008004c0c       0x1c /opt/st/stm32cubeide_1.3.0/plugins/com.st.stm32cube.ide.mcu.externaltools.gnu-tools-for-stm32.7-2018-q2-update.linux64_1.0.0.201904181610/tools/bin/../lib/gcc/arm-none-eabi/7.3.1/../../../../arm-none-eabi/lib/thumb/v7-m/libc_nano.a(lib_a-memchr-stub.o)
                0x0000000008004c0c                memchr
 .text.memcmp   0x0000000008004c28       0x1e /opt/st/stm32cubeide_1.3.0/plugins/com.st.stm32cube.ide.mcu.externaltools.gnu-tools-for-stm32.7-2018-q2-update.linux64_1.0.0.201904181610/tools/bin/../lib/gcc/arm-none-eabi/7.3.1/../../../../arm-none-eabi/lib/thumb/v7-m/libc_nano.a(lib_a-memcmp.o)
                0x0000000008004c28                memcmp
 .text.memcpy   0x0000000008004c46       0x16 /opt/st/stm32cubeide_1.3.0/plugins/com.st.stm32cube.ide.mcu.externaltools.gnu-tools-for-stm32.7-2018-q2-update.linux64_1.0.0.201904181610/tools/bin/../lib/gcc/arm-none-eabi/7.3.1/../../../../arm-none-eabi/lib/thumb/v7-m/libc_nano.a(lib_a-memcpy-stub.o)
                0x0000000008004c46                memcpy
 .text.memset   0x0000000008004c5c       0x10 /opt/st/stm32cubeide_1.3.0/plugins/com.st.stm32cube.ide.mcu.externaltools.gnu-tools-for-stm32.7-2018-q2-update.linux64_1.0.0.201904181610/tools/bin/../lib/gcc/arm-none-eabi/7.3.1/../../../../arm-none-eabi/lib/thumb/v7-m/libc_nano.a(lib_a-memset.o)
                0x0000000008004c5c                memset
 .text.__cvt    0x0000000008004c6c       0xb8 /opt/st/stm32cubeide_1.3.0/plugins/com.st.stm32cube.ide.mcu.externaltools.gnu-tools-for-stm32.7-2018-q2-update.linux64_1.0.0.201904181610/tools/bin/../lib/gcc/arm-none-eabi/7.3.1/../../../../arm-none-eabi/lib/thumb/v7-m/libc_nano.a(lib_a-nano-vfprintf_float.o)
                0x0000000008004c6c                __cvt
 .text.__exponent
                0x0000000008004d24       0x6a /opt/st/stm32cubeide_1.3.0/plugins/com.st.stm32cube.ide.mcu.externaltools.gnu-tools-for-stm32.7-2018-q2-update.linux64_1.0.0.201904181610/tools/bin/../lib/gcc/arm-none-eabi/7.3.1/../../../../arm-none-eabi/lib/thumb/v7-m/libc_nano.a(lib_a-nano-vfprintf_float.o)
                0x0000000008004d24                __exponent
 *fill*         0x0000000008004d8e        0x2 
 .text._printf_float
                0x0000000008004d90      0x46c /opt/st/stm32cubeide_1.3.0/plugins/com.st.stm32cube.ide.mcu.externaltools.gnu-tools-for-stm32.7-2018-q2-update.linux64_1.0.0.201904181610/tools/bin/../lib/gcc/arm-none-eabi/7.3.1/../../../../arm-none-eabi/lib/thumb/v7-m/libc_nano.a(lib_a-nano-vfprintf_float.o)
                0x0000000008004d90                _printf_float
 .text._printf_common
                0x00000000080051fc       0xec /opt/st/stm32cubeide_1.3.0/plugins/com.st.stm32cube.ide.mcu.externaltools.gnu-tools-for-stm32.7-2018-q2-update.linux64_1.0.0.201904181610/tools/bin/../lib/gcc/arm-none-eabi/7.3.1/../../../../arm-none-eabi/lib/thumb/v7-m/libc_nano.a(lib_a-nano-vfprintf_i.o)
                0x00000000080051fc                _printf_common
 .text._printf_i
                0x00000000080052e8      0x224 /opt/st/stm32cubeide_1.3.0/plugins/com.st.stm32cube.ide.mcu.externaltools.gnu-tools-for-stm32.7-2018-q2-update.linux64_1.0.0.201904181610/tools/bin/../lib/gcc/arm-none-eabi/7.3.1/../../../../arm-none-eabi/lib/thumb/v7-m/libc_nano.a(lib_a-nano-vfprintf_i.o)
                0x00000000080052e8                _printf_i
 .text.sprintf  0x000000000800550c       0x40 /opt/st/stm32cubeide_1.3.0/plugins/com.st.stm32cube.ide.mcu.externaltools.gnu-tools-for-stm32.7-2018-q2-update.linux64_1.0.0.201904181610/tools/bin/../lib/gcc/arm-none-eabi/7.3.1/../../../../arm-none-eabi/lib/thumb/v7-m/libc_nano.a(lib_a-sprintf.o)
                0x000000000800550c                sprintf
                0x000000000800550c                siprintf
 .text.strpbrk  0x000000000800554c       0x34 /opt/st/stm32cubeide_1.3.0/plugins/com.st.stm32cube.ide.mcu.externaltools.gnu-tools-for-stm32.7-2018-q2-update.linux64_1.0.0.201904181610/tools/bin/../lib/gcc/arm-none-eabi/7.3.1/../../../../arm-none-eabi/lib/thumb/v7-m/libc_nano.a(lib_a-strpbrk.o)
                0x000000000800554c                strpbrk
 .text._strtol_l.isra.0
                0x0000000008005580       0xf6 /opt/st/stm32cubeide_1.3.0/plugins/com.st.stm32cube.ide.mcu.externaltools.gnu-tools-for-stm32.7-2018-q2-update.linux64_1.0.0.201904181610/tools/bin/../lib/gcc/arm-none-eabi/7.3.1/../../../../arm-none-eabi/lib/thumb/v7-m/libc_nano.a(lib_a-strtol.o)
 *fill*         0x0000000008005676        0x2 
 .text.strtol   0x0000000008005678       0x2c /opt/st/stm32cubeide_1.3.0/plugins/com.st.stm32cube.ide.mcu.externaltools.gnu-tools-for-stm32.7-2018-q2-update.linux64_1.0.0.201904181610/tools/bin/../lib/gcc/arm-none-eabi/7.3.1/../../../../arm-none-eabi/lib/thumb/v7-m/libc_nano.a(lib_a-strtol.o)
                0x0000000008005678                strtol
 .text.__ascii_wctomb
                0x00000000080056a4       0x1a /opt/st/stm32cubeide_1.3.0/plugins/com.st.stm32cube.ide.mcu.externaltools.gnu-tools-for-stm32.7-2018-q2-update.linux64_1.0.0.201904181610/tools/bin/../lib/gcc/arm-none-eabi/7.3.1/../../../../arm-none-eabi/lib/thumb/v7-m/libc_nano.a(lib_a-wctomb_r.o)
                0x00000000080056a4                __ascii_wctomb
 .text.quorem   0x00000000080056be      0x11c /opt/st/stm32cubeide_1.3.0/plugins/com.st.stm32cube.ide.mcu.externaltools.gnu-tools-for-stm32.7-2018-q2-update.linux64_1.0.0.201904181610/tools/bin/../lib/gcc/arm-none-eabi/7.3.1/../../../../arm-none-eabi/lib/thumb/v7-m/libc_nano.a(lib_a-dtoa.o)
 *fill*         0x00000000080057da        0x6 
 .text._dtoa_r  0x00000000080057e0      0xb68 /opt/st/stm32cubeide_1.3.0/plugins/com.st.stm32cube.ide.mcu.externaltools.gnu-tools-for-stm32.7-2018-q2-update.linux64_1.0.0.201904181610/tools/bin/../lib/gcc/arm-none-eabi/7.3.1/../../../../arm-none-eabi/lib/thumb/v7-m/libc_nano.a(lib_a-dtoa.o)
                0x00000000080057e0                _dtoa_r
 .text._localeconv_r
                0x0000000008006348       0x1c /opt/st/stm32cubeide_1.3.0/plugins/com.st.stm32cube.ide.mcu.externaltools.gnu-tools-for-stm32.7-2018-q2-update.linux64_1.0.0.201904181610/tools/bin/../lib/gcc/arm-none-eabi/7.3.1/../../../../arm-none-eabi/lib/thumb/v7-m/libc_nano.a(lib_a-localeconv.o)
                0x0000000008006348                _localeconv_r
 .text.malloc   0x0000000008006364       0x10 /opt/st/stm32cubeide_1.3.0/plugins/com.st.stm32cube.ide.mcu.externaltools.gnu-tools-for-stm32.7-2018-q2-update.linux64_1.0.0.201904181610/tools/bin/../lib/gcc/arm-none-eabi/7.3.1/../../../../arm-none-eabi/lib/thumb/v7-m/libc_nano.a(lib_a-malloc.o)
                0x0000000008006364                malloc
 .text._Balloc  0x0000000008006374       0x68 /opt/st/stm32cubeide_1.3.0/plugins/com.st.stm32cube.ide.mcu.externaltools.gnu-tools-for-stm32.7-2018-q2-update.linux64_1.0.0.201904181610/tools/bin/../lib/gcc/arm-none-eabi/7.3.1/../../../../arm-none-eabi/lib/thumb/v7-m/libc_nano.a(lib_a-mprec.o)
                0x0000000008006374                _Balloc
 .text._Bfree   0x00000000080063dc       0x2e /opt/st/stm32cubeide_1.3.0/plugins/com.st.stm32cube.ide.mcu.externaltools.gnu-tools-for-stm32.7-2018-q2-update.linux64_1.0.0.201904181610/tools/bin/../lib/gcc/arm-none-eabi/7.3.1/../../../../arm-none-eabi/lib/thumb/v7-m/libc_nano.a(lib_a-mprec.o)
                0x00000000080063dc                _Bfree
 .text.__multadd
                0x000000000800640a       0x76 /opt/st/stm32cubeide_1.3.0/plugins/com.st.stm32cube.ide.mcu.externaltools.gnu-tools-for-stm32.7-2018-q2-update.linux64_1.0.0.201904181610/tools/bin/../lib/gcc/arm-none-eabi/7.3.1/../../../../arm-none-eabi/lib/thumb/v7-m/libc_nano.a(lib_a-mprec.o)
                0x000000000800640a                __multadd
 .text.__hi0bits
                0x0000000008006480       0x3e /opt/st/stm32cubeide_1.3.0/plugins/com.st.stm32cube.ide.mcu.externaltools.gnu-tools-for-stm32.7-2018-q2-update.linux64_1.0.0.201904181610/tools/bin/../lib/gcc/arm-none-eabi/7.3.1/../../../../arm-none-eabi/lib/thumb/v7-m/libc_nano.a(lib_a-mprec.o)
                0x0000000008006480                __hi0bits
 .text.__lo0bits
                0x00000000080064be       0x5e /opt/st/stm32cubeide_1.3.0/plugins/com.st.stm32cube.ide.mcu.externaltools.gnu-tools-for-stm32.7-2018-q2-update.linux64_1.0.0.201904181610/tools/bin/../lib/gcc/arm-none-eabi/7.3.1/../../../../arm-none-eabi/lib/thumb/v7-m/libc_nano.a(lib_a-mprec.o)
                0x00000000080064be                __lo0bits
 .text.__i2b    0x000000000800651c       0x12 /opt/st/stm32cubeide_1.3.0/plugins/com.st.stm32cube.ide.mcu.externaltools.gnu-tools-for-stm32.7-2018-q2-update.linux64_1.0.0.201904181610/tools/bin/../lib/gcc/arm-none-eabi/7.3.1/../../../../arm-none-eabi/lib/thumb/v7-m/libc_nano.a(lib_a-mprec.o)
                0x000000000800651c                __i2b
 .text.__multiply
                0x000000000800652e      0x12a /opt/st/stm32cubeide_1.3.0/plugins/com.st.stm32cube.ide.mcu.externaltools.gnu-tools-for-stm32.7-2018-q2-update.linux64_1.0.0.201904181610/tools/bin/../lib/gcc/arm-none-eabi/7.3.1/../../../../arm-none-eabi/lib/thumb/v7-m/libc_nano.a(lib_a-mprec.o)
                0x000000000800652e                __multiply
 .text.__pow5mult
                0x0000000008006658       0x9c /opt/st/stm32cubeide_1.3.0/plugins/com.st.stm32cube.ide.mcu.externaltools.gnu-tools-for-stm32.7-2018-q2-update.linux64_1.0.0.201904181610/tools/bin/../lib/gcc/arm-none-eabi/7.3.1/../../../../arm-none-eabi/lib/thumb/v7-m/libc_nano.a(lib_a-mprec.o)
                0x0000000008006658                __pow5mult
 .text.__lshift
                0x00000000080066f4       0xa8 /opt/st/stm32cubeide_1.3.0/plugins/com.st.stm32cube.ide.mcu.externaltools.gnu-tools-for-stm32.7-2018-q2-update.linux64_1.0.0.201904181610/tools/bin/../lib/gcc/arm-none-eabi/7.3.1/../../../../arm-none-eabi/lib/thumb/v7-m/libc_nano.a(lib_a-mprec.o)
                0x00000000080066f4                __lshift
 .text.__mcmp   0x000000000800679c       0x34 /opt/st/stm32cubeide_1.3.0/plugins/com.st.stm32cube.ide.mcu.externaltools.gnu-tools-for-stm32.7-2018-q2-update.linux64_1.0.0.201904181610/tools/bin/../lib/gcc/arm-none-eabi/7.3.1/../../../../arm-none-eabi/lib/thumb/v7-m/libc_nano.a(lib_a-mprec.o)
                0x000000000800679c                __mcmp
 .text.__mdiff  0x00000000080067d0       0xbc /opt/st/stm32cubeide_1.3.0/plugins/com.st.stm32cube.ide.mcu.externaltools.gnu-tools-for-stm32.7-2018-q2-update.linux64_1.0.0.201904181610/tools/bin/../lib/gcc/arm-none-eabi/7.3.1/../../../../arm-none-eabi/lib/thumb/v7-m/libc_nano.a(lib_a-mprec.o)
                0x00000000080067d0                __mdiff
 .text.__d2b    0x000000000800688c       0x9e /opt/st/stm32cubeide_1.3.0/plugins/com.st.stm32cube.ide.mcu.externaltools.gnu-tools-for-stm32.7-2018-q2-update.linux64_1.0.0.201904181610/tools/bin/../lib/gcc/arm-none-eabi/7.3.1/../../../../arm-none-eabi/lib/thumb/v7-m/libc_nano.a(lib_a-mprec.o)
                0x000000000800688c                __d2b
 .text._calloc_r
                0x000000000800692a       0x1c /opt/st/stm32cubeide_1.3.0/plugins/com.st.stm32cube.ide.mcu.externaltools.gnu-tools-for-stm32.7-2018-q2-update.linux64_1.0.0.201904181610/tools/bin/../lib/gcc/arm-none-eabi/7.3.1/../../../../arm-none-eabi/lib/thumb/v7-m/libc_nano.a(lib_a-nano-callocr.o)
                0x000000000800692a                _calloc_r
 *fill*         0x0000000008006946        0x2 
 .text._free_r  0x0000000008006948       0x98 /opt/st/stm32cubeide_1.3.0/plugins/com.st.stm32cube.ide.mcu.externaltools.gnu-tools-for-stm32.7-2018-q2-update.linux64_1.0.0.201904181610/tools/bin/../lib/gcc/arm-none-eabi/7.3.1/../../../../arm-none-eabi/lib/thumb/v7-m/libc_nano.a(lib_a-nano-freer.o)
                0x0000000008006948                _free_r
 .text._malloc_r
                0x00000000080069e0       0xb4 /opt/st/stm32cubeide_1.3.0/plugins/com.st.stm32cube.ide.mcu.externaltools.gnu-tools-for-stm32.7-2018-q2-update.linux64_1.0.0.201904181610/tools/bin/../lib/gcc/arm-none-eabi/7.3.1/../../../../arm-none-eabi/lib/thumb/v7-m/libc_nano.a(lib_a-nano-mallocr.o)
                0x00000000080069e0                _malloc_r
 .text.__ssputs_r
                0x0000000008006a94       0xb4 /opt/st/stm32cubeide_1.3.0/plugins/com.st.stm32cube.ide.mcu.externaltools.gnu-tools-for-stm32.7-2018-q2-update.linux64_1.0.0.201904181610/tools/bin/../lib/gcc/arm-none-eabi/7.3.1/../../../../arm-none-eabi/lib/thumb/v7-m/libc_nano.a(lib_a-nano-svfprintf.o)
                0x0000000008006a94                __ssputs_r
 .text._svfprintf_r
                0x0000000008006b48      0x1f0 /opt/st/stm32cubeide_1.3.0/plugins/com.st.stm32cube.ide.mcu.externaltools.gnu-tools-for-stm32.7-2018-q2-update.linux64_1.0.0.201904181610/tools/bin/../lib/gcc/arm-none-eabi/7.3.1/../../../../arm-none-eabi/lib/thumb/v7-m/libc_nano.a(lib_a-nano-svfprintf.o)
                0x0000000008006b48                _svfprintf_r
                0x0000000008006b48                _svfiprintf_r
 .text._sbrk_r  0x0000000008006d38       0x20 /opt/st/stm32cubeide_1.3.0/plugins/com.st.stm32cube.ide.mcu.externaltools.gnu-tools-for-stm32.7-2018-q2-update.linux64_1.0.0.201904181610/tools/bin/../lib/gcc/arm-none-eabi/7.3.1/../../../../arm-none-eabi/lib/thumb/v7-m/libc_nano.a(lib_a-sbrkr.o)
                0x0000000008006d38                _sbrk_r
 .text.memmove  0x0000000008006d58       0x32 /opt/st/stm32cubeide_1.3.0/plugins/com.st.stm32cube.ide.mcu.externaltools.gnu-tools-for-stm32.7-2018-q2-update.linux64_1.0.0.201904181610/tools/bin/../lib/gcc/arm-none-eabi/7.3.1/../../../../arm-none-eabi/lib/thumb/v7-m/libc_nano.a(lib_a-memmove.o)
                0x0000000008006d58                memmove
 .text.__malloc_lock
                0x0000000008006d8a        0x2 /opt/st/stm32cubeide_1.3.0/plugins/com.st.stm32cube.ide.mcu.externaltools.gnu-tools-for-stm32.7-2018-q2-update.linux64_1.0.0.201904181610/tools/bin/../lib/gcc/arm-none-eabi/7.3.1/../../../../arm-none-eabi/lib/thumb/v7-m/libc_nano.a(lib_a-mlock.o)
                0x0000000008006d8a                __malloc_lock
 .text.__malloc_unlock
                0x0000000008006d8c        0x2 /opt/st/stm32cubeide_1.3.0/plugins/com.st.stm32cube.ide.mcu.externaltools.gnu-tools-for-stm32.7-2018-q2-update.linux64_1.0.0.201904181610/tools/bin/../lib/gcc/arm-none-eabi/7.3.1/../../../../arm-none-eabi/lib/thumb/v7-m/libc_nano.a(lib_a-mlock.o)
                0x0000000008006d8c                __malloc_unlock
 .text._realloc_r
                0x0000000008006d8e       0x4c /opt/st/stm32cubeide_1.3.0/plugins/com.st.stm32cube.ide.mcu.externaltools.gnu-tools-for-stm32.7-2018-q2-update.linux64_1.0.0.201904181610/tools/bin/../lib/gcc/arm-none-eabi/7.3.1/../../../../arm-none-eabi/lib/thumb/v7-m/libc_nano.a(lib_a-nano-reallocr.o)
                0x0000000008006d8e                _realloc_r
 .text._malloc_usable_size_r
                0x0000000008006dda       0x10 /opt/st/stm32cubeide_1.3.0/plugins/com.st.stm32cube.ide.mcu.externaltools.gnu-tools-for-stm32.7-2018-q2-update.linux64_1.0.0.201904181610/tools/bin/../lib/gcc/arm-none-eabi/7.3.1/../../../../arm-none-eabi/lib/thumb/v7-m/libc_nano.a(lib_a-nano-msizer.o)
                0x0000000008006dda                _malloc_usable_size_r
 *fill*         0x0000000008006dea        0x2 
 .text._sbrk    0x0000000008006dec       0x1c /opt/st/stm32cubeide_1.3.0/plugins/com.st.stm32cube.ide.mcu.externaltools.gnu-tools-for-stm32.7-2018-q2-update.linux64_1.0.0.201904181610/tools/bin/../lib/gcc/arm-none-eabi/7.3.1/../../../../arm-none-eabi/lib/thumb/v7-m/libnosys.a(sbrk.o)
                0x0000000008006dec                _sbrk
 *(.glue_7)
 .glue_7        0x0000000008006e08        0x0 linker stubs
 *(.glue_7t)
 .glue_7t       0x0000000008006e08        0x0 linker stubs
 *(.eh_frame)
 .eh_frame      0x0000000008006e08        0x0 /opt/st/stm32cubeide_1.3.0/plugins/com.st.stm32cube.ide.mcu.externaltools.gnu-tools-for-stm32.7-2018-q2-update.linux64_1.0.0.201904181610/tools/bin/../lib/gcc/arm-none-eabi/7.3.1/thumb/v7-m/crtbegin.o
 *(.init)
 .init          0x0000000008006e08        0x4 /opt/st/stm32cubeide_1.3.0/plugins/com.st.stm32cube.ide.mcu.externaltools.gnu-tools-for-stm32.7-2018-q2-update.linux64_1.0.0.201904181610/tools/bin/../lib/gcc/arm-none-eabi/7.3.1/thumb/v7-m/crti.o
                0x0000000008006e08                _init
 .init          0x0000000008006e0c        0x8 /opt/st/stm32cubeide_1.3.0/plugins/com.st.stm32cube.ide.mcu.externaltools.gnu-tools-for-stm32.7-2018-q2-update.linux64_1.0.0.201904181610/tools/bin/../lib/gcc/arm-none-eabi/7.3.1/thumb/v7-m/crtn.o
 *(.fini)
 .fini          0x0000000008006e14        0x4 /opt/st/stm32cubeide_1.3.0/plugins/com.st.stm32cube.ide.mcu.externaltools.gnu-tools-for-stm32.7-2018-q2-update.linux64_1.0.0.201904181610/tools/bin/../lib/gcc/arm-none-eabi/7.3.1/thumb/v7-m/crti.o
                0x0000000008006e14                _fini
 .fini          0x0000000008006e18        0x8 /opt/st/stm32cubeide_1.3.0/plugins/com.st.stm32cube.ide.mcu.externaltools.gnu-tools-for-stm32.7-2018-q2-update.linux64_1.0.0.201904181610/tools/bin/../lib/gcc/arm-none-eabi/7.3.1/thumb/v7-m/crtn.o
                0x0000000008006e20                . = ALIGN (0x4)
                0x0000000008006e20                _etext = .

.vfp11_veneer   0x0000000008006e20        0x0
 .vfp11_veneer  0x0000000008006e20        0x0 linker stubs

.v4_bx          0x0000000008006e20        0x0
 .v4_bx         0x0000000008006e20        0x0 linker stubs

.iplt           0x0000000008006e20        0x0
 .iplt          0x0000000008006e20        0x0 /opt/st/stm32cubeide_1.3.0/plugins/com.st.stm32cube.ide.mcu.externaltools.gnu-tools-for-stm32.7-2018-q2-update.linux64_1.0.0.201904181610/tools/bin/../lib/gcc/arm-none-eabi/7.3.1/thumb/v7-m/crtbegin.o

.rodata         0x0000000008006e20      0x680
                0x0000000008006e20                . = ALIGN (0x4)
 *(.rodata)
 .rodata        0x0000000008006e20        0x4 src/cmd.o
 *(.rodata*)
 .rodata.vTaskStartScheduler.str1.4
                0x0000000008006e24        0x5 FreeRTOS/source/tasks.o
 *fill*         0x0000000008006e29        0x3 
 .rodata.xTimerCreateTimerTask.str1.4
                0x0000000008006e2c        0x8 FreeRTOS/source/timers.o
 .rodata.SevenSegmentASCII
                0x0000000008006e34       0x80 src/SysInit.o
                0x0000000008006e34                SevenSegmentASCII
 .rodata.CAN_msg_map
                0x0000000008006eb4       0x54 src/can.o
                0x0000000008006eb4                CAN_msg_map
 .rodata.PrepareData.str1.4
                0x0000000008006f08        0x9 src/can.o
 *fill*         0x0000000008006f11        0x3 
 .rodata.vCanTask.str1.4
                0x0000000008006f14        0x7 src/can.o
 *fill*         0x0000000008006f1b        0x1 
 .rodata.GGR_GetGPSResp.str1.4
                0x0000000008006f1c        0x6 src/cmd.o
 *fill*         0x0000000008006f22        0x2 
 .rodata.GGR_GetIOResp.str1.4
                0x0000000008006f24        0x4 src/cmd.o
 .rodata.GGR_GetParamResp.str1.4
                0x0000000008006f28       0x2d src/cmd.o
 *fill*         0x0000000008006f55        0x3 
 .rodata.GGR_GetVer.str1.4
                0x0000000008006f58        0x8 src/cmd.o
 .rodata.GGR_TPASS_Resp.str1.4
                0x0000000008006f60       0x1f src/cmd.o
 *fill*         0x0000000008006f7f        0x1 
 .rodata.GGR_save_param_resp.str1.4
                0x0000000008006f80       0x12 src/cmd.o
 *fill*         0x0000000008006f92        0x2 
 .rodata.GetVer.str1.4
                0x0000000008006f94       0x10 src/cmd.o
 .rodata.ProcessCommand.str1.4
                0x0000000008006fa4       0x23 src/cmd.o
 *fill*         0x0000000008006fc7        0x1 
 .rodata.SMS_CMD
                0x0000000008006fc8       0xa8 src/cmd.o
                0x0000000008006fc8                SMS_CMD
 .rodata.SMS_CMDs
                0x0000000008007070       0xdc src/cmd.o
                0x0000000008007070                SMS_CMDs
 .rodata.str1.4
                0x000000000800714c       0x73 src/cmd.o
                                         0x77 (size before relaxing)
 *fill*         0x00000000080071bf        0x1 
 .rodata.Disp_imp2litr.str1.4
                0x00000000080071c0       0x10 src/main.o
 .rodata.Disp_time_to_display.str1.4
                0x00000000080071d0        0xd src/main.o
 *fill*         0x00000000080071dd        0x3 
 .rodata.main.str1.4
                0x00000000080071e0       0x33 src/main.o
 *fill*         0x0000000008007213        0x1 
 .rodata.vDisplayTask.str1.4
                0x0000000008007214       0x2c src/main.o
 .rodata._setlocale_r.str1.1
                0x0000000008007240        0x8 /opt/st/stm32cubeide_1.3.0/plugins/com.st.stm32cube.ide.mcu.externaltools.gnu-tools-for-stm32.7-2018-q2-update.linux64_1.0.0.201904181610/tools/bin/../lib/gcc/arm-none-eabi/7.3.1/../../../../arm-none-eabi/lib/thumb/v7-m/libc_nano.a(lib_a-locale.o)
                                          0x9 (size before relaxing)
 .rodata.str1.1
                0x0000000008007248        0x2 /opt/st/stm32cubeide_1.3.0/plugins/com.st.stm32cube.ide.mcu.externaltools.gnu-tools-for-stm32.7-2018-q2-update.linux64_1.0.0.201904181610/tools/bin/../lib/gcc/arm-none-eabi/7.3.1/../../../../arm-none-eabi/lib/thumb/v7-m/libc_nano.a(lib_a-locale.o)
 .rodata._printf_float.str1.1
                0x000000000800724a       0x12 /opt/st/stm32cubeide_1.3.0/plugins/com.st.stm32cube.ide.mcu.externaltools.gnu-tools-for-stm32.7-2018-q2-update.linux64_1.0.0.201904181610/tools/bin/../lib/gcc/arm-none-eabi/7.3.1/../../../../arm-none-eabi/lib/thumb/v7-m/libc_nano.a(lib_a-nano-vfprintf_float.o)
 .rodata._printf_i.str1.1
                0x000000000800725c       0x22 /opt/st/stm32cubeide_1.3.0/plugins/com.st.stm32cube.ide.mcu.externaltools.gnu-tools-for-stm32.7-2018-q2-update.linux64_1.0.0.201904181610/tools/bin/../lib/gcc/arm-none-eabi/7.3.1/../../../../arm-none-eabi/lib/thumb/v7-m/libc_nano.a(lib_a-nano-vfprintf_i.o)
 .rodata._ctype_
                0x000000000800727e      0x101 /opt/st/stm32cubeide_1.3.0/plugins/com.st.stm32cube.ide.mcu.externaltools.gnu-tools-for-stm32.7-2018-q2-update.linux64_1.0.0.201904181610/tools/bin/../lib/gcc/arm-none-eabi/7.3.1/../../../../arm-none-eabi/lib/thumb/v7-m/libc_nano.a(lib_a-ctype_.o)
                0x000000000800727e                _ctype_
 .rodata._dtoa_r.str1.1
                0x000000000800737f        0xd /opt/st/stm32cubeide_1.3.0/plugins/com.st.stm32cube.ide.mcu.externaltools.gnu-tools-for-stm32.7-2018-q2-update.linux64_1.0.0.201904181610/tools/bin/../lib/gcc/arm-none-eabi/7.3.1/../../../../arm-none-eabi/lib/thumb/v7-m/libc_nano.a(lib_a-dtoa.o)
                                          0xf (size before relaxing)
 *fill*         0x000000000800738c        0x4 
 .rodata.__mprec_bigtens
                0x0000000008007390       0x28 /opt/st/stm32cubeide_1.3.0/plugins/com.st.stm32cube.ide.mcu.externaltools.gnu-tools-for-stm32.7-2018-q2-update.linux64_1.0.0.201904181610/tools/bin/../lib/gcc/arm-none-eabi/7.3.1/../../../../arm-none-eabi/lib/thumb/v7-m/libc_nano.a(lib_a-mprec.o)
                0x0000000008007390                __mprec_bigtens
 .rodata.__mprec_tens
                0x00000000080073b8       0xc8 /opt/st/stm32cubeide_1.3.0/plugins/com.st.stm32cube.ide.mcu.externaltools.gnu-tools-for-stm32.7-2018-q2-update.linux64_1.0.0.201904181610/tools/bin/../lib/gcc/arm-none-eabi/7.3.1/../../../../arm-none-eabi/lib/thumb/v7-m/libc_nano.a(lib_a-mprec.o)
                0x00000000080073b8                __mprec_tens
 .rodata.p05.6084
                0x0000000008007480        0xc /opt/st/stm32cubeide_1.3.0/plugins/com.st.stm32cube.ide.mcu.externaltools.gnu-tools-for-stm32.7-2018-q2-update.linux64_1.0.0.201904181610/tools/bin/../lib/gcc/arm-none-eabi/7.3.1/../../../../arm-none-eabi/lib/thumb/v7-m/libc_nano.a(lib_a-mprec.o)
 .rodata._svfprintf_r.str1.1
                0x000000000800748c       0x11 /opt/st/stm32cubeide_1.3.0/plugins/com.st.stm32cube.ide.mcu.externaltools.gnu-tools-for-stm32.7-2018-q2-update.linux64_1.0.0.201904181610/tools/bin/../lib/gcc/arm-none-eabi/7.3.1/../../../../arm-none-eabi/lib/thumb/v7-m/libc_nano.a(lib_a-nano-svfprintf.o)
                0x00000000080074a0                . = ALIGN (0x4)
 *fill*         0x000000000800749d        0x3 

.ARM.extab      0x00000000080074a0        0x0
                0x00000000080074a0                . = ALIGN (0x4)
 *(.ARM.extab* .gnu.linkonce.armextab.*)
                0x00000000080074a0                . = ALIGN (0x4)

.ARM            0x00000000080074a0        0x8
                0x00000000080074a0                . = ALIGN (0x4)
                0x00000000080074a0                __exidx_start = .
 *(.ARM.exidx*)
 .ARM.exidx     0x00000000080074a0        0x8 /opt/st/stm32cubeide_1.3.0/plugins/com.st.stm32cube.ide.mcu.externaltools.gnu-tools-for-stm32.7-2018-q2-update.linux64_1.0.0.201904181610/tools/bin/../lib/gcc/arm-none-eabi/7.3.1/thumb/v7-m/libgcc.a(_udivmoddi4.o)
                0x00000000080074a8                __exidx_end = .
                0x00000000080074a8                . = ALIGN (0x4)

.rel.dyn        0x00000000080074a8        0x0
 .rel.iplt      0x00000000080074a8        0x0 /opt/st/stm32cubeide_1.3.0/plugins/com.st.stm32cube.ide.mcu.externaltools.gnu-tools-for-stm32.7-2018-q2-update.linux64_1.0.0.201904181610/tools/bin/../lib/gcc/arm-none-eabi/7.3.1/thumb/v7-m/crtbegin.o

.preinit_array  0x00000000080074a8        0x0
                0x00000000080074a8                . = ALIGN (0x4)
                0x00000000080074a8                PROVIDE (__preinit_array_start = .)
 *(.preinit_array*)
                0x00000000080074a8                PROVIDE (__preinit_array_end = .)
                0x00000000080074a8                . = ALIGN (0x4)

.init_array     0x00000000080074a8        0x4
                0x00000000080074a8                . = ALIGN (0x4)
                0x00000000080074a8                PROVIDE (__init_array_start = .)
 *(SORT_BY_NAME(.init_array.*))
 *(.init_array*)
 .init_array    0x00000000080074a8        0x4 /opt/st/stm32cubeide_1.3.0/plugins/com.st.stm32cube.ide.mcu.externaltools.gnu-tools-for-stm32.7-2018-q2-update.linux64_1.0.0.201904181610/tools/bin/../lib/gcc/arm-none-eabi/7.3.1/thumb/v7-m/crtbegin.o
                0x00000000080074ac                PROVIDE (__init_array_end = .)
                0x00000000080074ac                . = ALIGN (0x4)

.fini_array     0x00000000080074ac        0x4
                0x00000000080074ac                . = ALIGN (0x4)
                [!provide]                        PROVIDE (__fini_array_start = .)
 *(SORT_BY_NAME(.fini_array.*))
 *(.fini_array*)
 .fini_array    0x00000000080074ac        0x4 /opt/st/stm32cubeide_1.3.0/plugins/com.st.stm32cube.ide.mcu.externaltools.gnu-tools-for-stm32.7-2018-q2-update.linux64_1.0.0.201904181610/tools/bin/../lib/gcc/arm-none-eabi/7.3.1/thumb/v7-m/crtbegin.o
                [!provide]                        PROVIDE (__fini_array_end = .)
                0x00000000080074b0                . = ALIGN (0x4)
                0x00000000080074b0                _sidata = LOADADDR (.data)

.data           0x0000000020000000      0x1d4 load address 0x00000000080074b0
                0x0000000020000000                . = ALIGN (0x4)
                0x0000000020000000                _sdata = .
 *(.data)
 *(.data*)
 .data.uxCriticalNesting
                0x0000000020000000        0x4 FreeRTOS/source/port.o
 .data._impure_ptr
                0x0000000020000004        0x4 /opt/st/stm32cubeide_1.3.0/plugins/com.st.stm32cube.ide.mcu.externaltools.gnu-tools-for-stm32.7-2018-q2-update.linux64_1.0.0.201904181610/tools/bin/../lib/gcc/arm-none-eabi/7.3.1/../../../../arm-none-eabi/lib/thumb/v7-m/libc_nano.a(lib_a-impure.o)
                0x0000000020000004                _impure_ptr
 .data.impure_data
                0x0000000020000008       0x60 /opt/st/stm32cubeide_1.3.0/plugins/com.st.stm32cube.ide.mcu.externaltools.gnu-tools-for-stm32.7-2018-q2-update.linux64_1.0.0.201904181610/tools/bin/../lib/gcc/arm-none-eabi/7.3.1/../../../../arm-none-eabi/lib/thumb/v7-m/libc_nano.a(lib_a-impure.o)
 .data.__global_locale
                0x0000000020000068      0x16c /opt/st/stm32cubeide_1.3.0/plugins/com.st.stm32cube.ide.mcu.externaltools.gnu-tools-for-stm32.7-2018-q2-update.linux64_1.0.0.201904181610/tools/bin/../lib/gcc/arm-none-eabi/7.3.1/../../../../arm-none-eabi/lib/thumb/v7-m/libc_nano.a(lib_a-locale.o)
                0x0000000020000068                __global_locale
                0x00000000200001d4                . = ALIGN (0x4)
                0x00000000200001d4                _edata = .

.igot.plt       0x00000000200001d4        0x0 load address 0x0000000008007684
 .igot.plt      0x00000000200001d4        0x0 /opt/st/stm32cubeide_1.3.0/plugins/com.st.stm32cube.ide.mcu.externaltools.gnu-tools-for-stm32.7-2018-q2-update.linux64_1.0.0.201904181610/tools/bin/../lib/gcc/arm-none-eabi/7.3.1/thumb/v7-m/crtbegin.o
                0x00000000200001d4                . = ALIGN (0x4)

.bss            0x00000000200001d8     0x422c load address 0x0000000008007684
                0x00000000200001d8                _sbss = .
                0x00000000200001d8                __bss_start__ = _sbss
 *(.bss)
 .bss           0x00000000200001d8       0x1c /opt/st/stm32cubeide_1.3.0/plugins/com.st.stm32cube.ide.mcu.externaltools.gnu-tools-for-stm32.7-2018-q2-update.linux64_1.0.0.201904181610/tools/bin/../lib/gcc/arm-none-eabi/7.3.1/thumb/v7-m/crtbegin.o
 *(.bss*)
 .bss.pucAlignedHeap.5101
                0x00000000200001f4        0x4 FreeRTOS/source/heap_1.o
 .bss.ucHeap    0x00000000200001f8     0x3800 FreeRTOS/source/heap_1.o
 .bss.xNextFreeByte
                0x00000000200039f8        0x4 FreeRTOS/source/heap_1.o
 .bss.pxCurrentTCB
                0x00000000200039fc        0x4 FreeRTOS/source/tasks.o
                0x00000000200039fc                pxCurrentTCB
 .bss.pxDelayedTaskList
                0x0000000020003a00        0x4 FreeRTOS/source/tasks.o
 .bss.pxOverflowDelayedTaskList
                0x0000000020003a04        0x4 FreeRTOS/source/tasks.o
 .bss.pxReadyTasksLists
                0x0000000020003a08       0x64 FreeRTOS/source/tasks.o
 .bss.uxCurrentNumberOfTasks
                0x0000000020003a6c        0x4 FreeRTOS/source/tasks.o
 .bss.uxDeletedTasksWaitingCleanUp
                0x0000000020003a70        0x4 FreeRTOS/source/tasks.o
 .bss.uxPendedTicks
                0x0000000020003a74        0x4 FreeRTOS/source/tasks.o
 .bss.uxSchedulerSuspended
                0x0000000020003a78        0x4 FreeRTOS/source/tasks.o
 .bss.uxTaskNumber
                0x0000000020003a7c        0x4 FreeRTOS/source/tasks.o
 .bss.uxTopReadyPriority
                0x0000000020003a80        0x4 FreeRTOS/source/tasks.o
 .bss.xDelayedTaskList1
                0x0000000020003a84       0x14 FreeRTOS/source/tasks.o
 .bss.xDelayedTaskList2
                0x0000000020003a98       0x14 FreeRTOS/source/tasks.o
 .bss.xIdleTaskHandle
                0x0000000020003aac        0x4 FreeRTOS/source/tasks.o
 .bss.xNextTaskUnblockTime
                0x0000000020003ab0        0x4 FreeRTOS/source/tasks.o
 .bss.xNumOfOverflows
                0x0000000020003ab4        0x4 FreeRTOS/source/tasks.o
 .bss.xPendingReadyList
                0x0000000020003ab8       0x14 FreeRTOS/source/tasks.o
 .bss.xSchedulerRunning
                0x0000000020003acc        0x4 FreeRTOS/source/tasks.o
 .bss.xSuspendedTaskList
                0x0000000020003ad0       0x14 FreeRTOS/source/tasks.o
 .bss.xTasksWaitingTermination
                0x0000000020003ae4       0x14 FreeRTOS/source/tasks.o
 .bss.xTickCount
                0x0000000020003af8        0x4 FreeRTOS/source/tasks.o
 .bss.xYieldPending
                0x0000000020003afc        0x4 FreeRTOS/source/tasks.o
 .bss.pxCurrentTimerList
                0x0000000020003b00        0x4 FreeRTOS/source/timers.o
 .bss.pxOverflowTimerList
                0x0000000020003b04        0x4 FreeRTOS/source/timers.o
 .bss.xActiveTimerList1
                0x0000000020003b08       0x14 FreeRTOS/source/timers.o
 .bss.xActiveTimerList2
                0x0000000020003b1c       0x14 FreeRTOS/source/timers.o
 .bss.xLastTime.5394
                0x0000000020003b30        0x4 FreeRTOS/source/timers.o
 .bss.xTimerQueue
                0x0000000020003b34        0x4 FreeRTOS/source/timers.o
 .bss.xTimerTaskHandle
                0x0000000020003b38        0x4 FreeRTOS/source/timers.o
 .bss.dec.9026  0x0000000020003b3c        0x1 src/can.o
 *fill*         0x0000000020003b3d        0x3 
 .bss.CNT_disp_queue
                0x0000000020003b40        0x4 src/main.o
                0x0000000020003b40                CNT_disp_queue
 .bss.Data_IN_queue
                0x0000000020003b44        0x4 src/main.o
                0x0000000020003b44                Data_IN_queue
 .bss.Data_out_G_cnt
                0x0000000020003b48        0x4 src/main.o
                0x0000000020003b48                Data_out_G_cnt
 .bss.Data_out_cnt
                0x0000000020003b4c        0x4 src/main.o
                0x0000000020003b4c                Data_out_cnt
 .bss.Data_out_display
                0x0000000020003b50        0x4 src/main.o
                0x0000000020003b50                Data_out_display
 .bss.S_Save    0x0000000020003b54        0x4 src/main.o
                0x0000000020003b54                S_Save
 .bss.c.8575    0x0000000020003b58        0x4 src/main.o
 .bss.litr.8576
                0x0000000020003b5c        0x4 src/main.o
 .bss.previous_state.8604
                0x0000000020003b60        0x1 src/main.o
 *fill*         0x0000000020003b61        0x3 
 .bss.to_display.8638
                0x0000000020003b64        0x8 src/main.o
 .bss.__malloc_free_list
                0x0000000020003b6c        0x4 /opt/st/stm32cubeide_1.3.0/plugins/com.st.stm32cube.ide.mcu.externaltools.gnu-tools-for-stm32.7-2018-q2-update.linux64_1.0.0.201904181610/tools/bin/../lib/gcc/arm-none-eabi/7.3.1/../../../../arm-none-eabi/lib/thumb/v7-m/libc_nano.a(lib_a-nano-mallocr.o)
                0x0000000020003b6c                __malloc_free_list
 .bss.__malloc_sbrk_start
                0x0000000020003b70        0x4 /opt/st/stm32cubeide_1.3.0/plugins/com.st.stm32cube.ide.mcu.externaltools.gnu-tools-for-stm32.7-2018-q2-update.linux64_1.0.0.201904181610/tools/bin/../lib/gcc/arm-none-eabi/7.3.1/../../../../arm-none-eabi/lib/thumb/v7-m/libc_nano.a(lib_a-nano-mallocr.o)
                0x0000000020003b70                __malloc_sbrk_start
 .bss.heap_end.4102
                0x0000000020003b74        0x4 /opt/st/stm32cubeide_1.3.0/plugins/com.st.stm32cube.ide.mcu.externaltools.gnu-tools-for-stm32.7-2018-q2-update.linux64_1.0.0.201904181610/tools/bin/../lib/gcc/arm-none-eabi/7.3.1/../../../../arm-none-eabi/lib/thumb/v7-m/libnosys.a(sbrk.o)
 *(COMMON)
 COMMON         0x0000000020003b78      0x638 src/can.o
                0x0000000020003b78                E_SOURCE
                0x0000000020003b7c                CanTxTimer
                0x0000000020003b80                CAN_set_RX_buffer
                0x0000000020003dd8                CAN_set_TX_buffer
                0x0000000020004030                CAN_SENS_RX_Timeout
                0x0000000020004050                CanData
                0x0000000020004110                RxMessageISR
                0x0000000020004124                e_cmd
                0x0000000020004128                CanTxQueue
                0x000000002000412c                CanRxQueue
                0x0000000020004130                CAN_set_msg
                0x0000000020004140                CAN_set_answer
                0x0000000020004150                TxMessage
                0x0000000020004164                CAN_TX
                0x000000002000419c                RxMessage
 COMMON         0x00000000200041b0      0x13c src/cmd.o
                0x00000000200041b0                auth_tick
                0x00000000200041b4                sms_cmd_buffer_out
                0x0000000020004268                InitSMSCounts
                0x0000000020004278                set_new
                0x00000000200042c8                GG_FwSmsIndex
                0x00000000200042cc                GG_FwFileName
 *fill*         0x00000000200042ec        0x4 
 COMMON         0x00000000200042f0      0x110 src/main.o
                0x00000000200042f0                settings
                0x0000000020004370                ptm
                0x0000000020004374                Disp
                0x0000000020004390                data
                0x00000000200043c8                rawtime
                0x00000000200043d0                date
                0x00000000200043d8                IN
 COMMON         0x0000000020004400        0x4 /opt/st/stm32cubeide_1.3.0/plugins/com.st.stm32cube.ide.mcu.externaltools.gnu-tools-for-stm32.7-2018-q2-update.linux64_1.0.0.201904181610/tools/bin/../lib/gcc/arm-none-eabi/7.3.1/../../../../arm-none-eabi/lib/thumb/v7-m/libc_nano.a(lib_a-reent.o)
                0x0000000020004400                errno
                0x0000000020004404                . = ALIGN (0x4)
                0x0000000020004404                _ebss = .
                0x0000000020004404                __bss_end__ = _ebss

._user_heap_stack
                0x0000000020004404      0xa04 load address 0x0000000008007684
                0x0000000020004408                . = ALIGN (0x8)
 *fill*         0x0000000020004404        0x4 
                0x0000000020004408                PROVIDE (end = .)
                [!provide]                        PROVIDE (_end = .)
                0x0000000020004608                . = (. + _Min_Heap_Size)
 *fill*         0x0000000020004408      0x200 
                0x0000000020004e08                . = (. + _Min_Stack_Size)
 *fill*         0x0000000020004608      0x800 
                0x0000000020004e08                . = ALIGN (0x8)

/DISCARD/
 libc.a(*)
 libm.a(*)
 libgcc.a(*)

.ARM.attributes
                0x0000000000000000       0x29
 *(.ARM.attributes)
 .ARM.attributes
                0x0000000000000000       0x1d /opt/st/stm32cubeide_1.3.0/plugins/com.st.stm32cube.ide.mcu.externaltools.gnu-tools-for-stm32.7-2018-q2-update.linux64_1.0.0.201904181610/tools/bin/../lib/gcc/arm-none-eabi/7.3.1/thumb/v7-m/crti.o
 .ARM.attributes
                0x000000000000001d       0x2d /opt/st/stm32cubeide_1.3.0/plugins/com.st.stm32cube.ide.mcu.externaltools.gnu-tools-for-stm32.7-2018-q2-update.linux64_1.0.0.201904181610/tools/bin/../lib/gcc/arm-none-eabi/7.3.1/thumb/v7-m/crtbegin.o
 .ARM.attributes
                0x000000000000004a       0x33 FreeRTOS/source/heap_1.o
 .ARM.attributes
                0x000000000000007d       0x33 FreeRTOS/source/list.o
 .ARM.attributes
                0x00000000000000b0       0x33 FreeRTOS/source/port.o
 .ARM.attributes
                0x00000000000000e3       0x33 FreeRTOS/source/queue.o
 .ARM.attributes
                0x0000000000000116       0x33 FreeRTOS/source/tasks.o
 .ARM.attributes
                0x0000000000000149       0x33 FreeRTOS/source/timers.o
 .ARM.attributes
                0x000000000000017c       0x33 StdPeriph_Driver/src/stm32f10x_can.o
 .ARM.attributes
                0x00000000000001af       0x33 StdPeriph_Driver/src/stm32f10x_crc.o
 .ARM.attributes
                0x00000000000001e2       0x33 StdPeriph_Driver/src/stm32f10x_flash.o
 .ARM.attributes
                0x0000000000000215       0x33 StdPeriph_Driver/src/stm32f10x_gpio.o
 .ARM.attributes
                0x0000000000000248       0x33 StdPeriph_Driver/src/stm32f10x_iwdg.o
 .ARM.attributes
                0x000000000000027b       0x33 StdPeriph_Driver/src/stm32f10x_pwr.o
 .ARM.attributes
                0x00000000000002ae       0x33 StdPeriph_Driver/src/stm32f10x_rcc.o
 .ARM.attributes
                0x00000000000002e1       0x33 StdPeriph_Driver/src/stm32f10x_rtc.o
 .ARM.attributes
                0x0000000000000314       0x33 src/SysInit.o
 .ARM.attributes
                0x0000000000000347       0x33 src/can.o
 .ARM.attributes
                0x000000000000037a       0x33 src/cmd.o
 .ARM.attributes
                0x00000000000003ad       0x33 src/main.o
 .ARM.attributes
                0x00000000000003e0       0x33 src/stm32f1xx_it.o
 .ARM.attributes
                0x0000000000000413       0x33 src/system_stm32f10x.o
 .ARM.attributes
                0x0000000000000446       0x33 src/tok.o
 .ARM.attributes
                0x0000000000000479       0x33 src/utility.o
 .ARM.attributes
                0x00000000000004ac       0x21 startup/startup_stm32.o
 .ARM.attributes
                0x00000000000004cd       0x2d /opt/st/stm32cubeide_1.3.0/plugins/com.st.stm32cube.ide.mcu.externaltools.gnu-tools-for-stm32.7-2018-q2-update.linux64_1.0.0.201904181610/tools/bin/../lib/gcc/arm-none-eabi/7.3.1/../../../../arm-none-eabi/lib/thumb/v7-m/libc_nano.a(lib_a-atoi.o)
 .ARM.attributes
                0x00000000000004fa       0x2d /opt/st/stm32cubeide_1.3.0/plugins/com.st.stm32cube.ide.mcu.externaltools.gnu-tools-for-stm32.7-2018-q2-update.linux64_1.0.0.201904181610/tools/bin/../lib/gcc/arm-none-eabi/7.3.1/../../../../arm-none-eabi/lib/thumb/v7-m/libc_nano.a(lib_a-impure.o)
 .ARM.attributes
                0x0000000000000527       0x2d /opt/st/stm32cubeide_1.3.0/plugins/com.st.stm32cube.ide.mcu.externaltools.gnu-tools-for-stm32.7-2018-q2-update.linux64_1.0.0.201904181610/tools/bin/../lib/gcc/arm-none-eabi/7.3.1/../../../../arm-none-eabi/lib/thumb/v7-m/libc_nano.a(lib_a-init.o)
 .ARM.attributes
                0x0000000000000554       0x2d /opt/st/stm32cubeide_1.3.0/plugins/com.st.stm32cube.ide.mcu.externaltools.gnu-tools-for-stm32.7-2018-q2-update.linux64_1.0.0.201904181610/tools/bin/../lib/gcc/arm-none-eabi/7.3.1/../../../../arm-none-eabi/lib/thumb/v7-m/libc_nano.a(lib_a-locale.o)
 .ARM.attributes
                0x0000000000000581       0x2d /opt/st/stm32cubeide_1.3.0/plugins/com.st.stm32cube.ide.mcu.externaltools.gnu-tools-for-stm32.7-2018-q2-update.linux64_1.0.0.201904181610/tools/bin/../lib/gcc/arm-none-eabi/7.3.1/../../../../arm-none-eabi/lib/thumb/v7-m/libc_nano.a(lib_a-mbtowc_r.o)
 .ARM.attributes
                0x00000000000005ae       0x2d /opt/st/stm32cubeide_1.3.0/plugins/com.st.stm32cube.ide.mcu.externaltools.gnu-tools-for-stm32.7-2018-q2-update.linux64_1.0.0.201904181610/tools/bin/../lib/gcc/arm-none-eabi/7.3.1/../../../../arm-none-eabi/lib/thumb/v7-m/libc_nano.a(lib_a-memchr-stub.o)
 .ARM.attributes
                0x00000000000005db       0x2d /opt/st/stm32cubeide_1.3.0/plugins/com.st.stm32cube.ide.mcu.externaltools.gnu-tools-for-stm32.7-2018-q2-update.linux64_1.0.0.201904181610/tools/bin/../lib/gcc/arm-none-eabi/7.3.1/../../../../arm-none-eabi/lib/thumb/v7-m/libc_nano.a(lib_a-memcmp.o)
 .ARM.attributes
                0x0000000000000608       0x2d /opt/st/stm32cubeide_1.3.0/plugins/com.st.stm32cube.ide.mcu.externaltools.gnu-tools-for-stm32.7-2018-q2-update.linux64_1.0.0.201904181610/tools/bin/../lib/gcc/arm-none-eabi/7.3.1/../../../../arm-none-eabi/lib/thumb/v7-m/libc_nano.a(lib_a-memcpy-stub.o)
 .ARM.attributes
                0x0000000000000635       0x2d /opt/st/stm32cubeide_1.3.0/plugins/com.st.stm32cube.ide.mcu.externaltools.gnu-tools-for-stm32.7-2018-q2-update.linux64_1.0.0.201904181610/tools/bin/../lib/gcc/arm-none-eabi/7.3.1/../../../../arm-none-eabi/lib/thumb/v7-m/libc_nano.a(lib_a-memset.o)
 .ARM.attributes
                0x0000000000000662       0x2d /opt/st/stm32cubeide_1.3.0/plugins/com.st.stm32cube.ide.mcu.externaltools.gnu-tools-for-stm32.7-2018-q2-update.linux64_1.0.0.201904181610/tools/bin/../lib/gcc/arm-none-eabi/7.3.1/../../../../arm-none-eabi/lib/thumb/v7-m/libc_nano.a(lib_a-nano-vfprintf_float.o)
 .ARM.attributes
                0x000000000000068f       0x2d /opt/st/stm32cubeide_1.3.0/plugins/com.st.stm32cube.ide.mcu.externaltools.gnu-tools-for-stm32.7-2018-q2-update.linux64_1.0.0.201904181610/tools/bin/../lib/gcc/arm-none-eabi/7.3.1/../../../../arm-none-eabi/lib/thumb/v7-m/libc_nano.a(lib_a-nano-vfprintf_i.o)
 .ARM.attributes
                0x00000000000006bc       0x2d /opt/st/stm32cubeide_1.3.0/plugins/com.st.stm32cube.ide.mcu.externaltools.gnu-tools-for-stm32.7-2018-q2-update.linux64_1.0.0.201904181610/tools/bin/../lib/gcc/arm-none-eabi/7.3.1/../../../../arm-none-eabi/lib/thumb/v7-m/libc_nano.a(lib_a-sprintf.o)
 .ARM.attributes
                0x00000000000006e9       0x17 /opt/st/stm32cubeide_1.3.0/plugins/com.st.stm32cube.ide.mcu.externaltools.gnu-tools-for-stm32.7-2018-q2-update.linux64_1.0.0.201904181610/tools/bin/../lib/gcc/arm-none-eabi/7.3.1/../../../../arm-none-eabi/lib/thumb/v7-m/libc_nano.a(lib_a-strlen.o)
 .ARM.attributes
                0x0000000000000700       0x2d /opt/st/stm32cubeide_1.3.0/plugins/com.st.stm32cube.ide.mcu.externaltools.gnu-tools-for-stm32.7-2018-q2-update.linux64_1.0.0.201904181610/tools/bin/../lib/gcc/arm-none-eabi/7.3.1/../../../../arm-none-eabi/lib/thumb/v7-m/libc_nano.a(lib_a-strpbrk.o)
 .ARM.attributes
                0x000000000000072d       0x2d /opt/st/stm32cubeide_1.3.0/plugins/com.st.stm32cube.ide.mcu.externaltools.gnu-tools-for-stm32.7-2018-q2-update.linux64_1.0.0.201904181610/tools/bin/../lib/gcc/arm-none-eabi/7.3.1/../../../../arm-none-eabi/lib/thumb/v7-m/libc_nano.a(lib_a-strtol.o)
 .ARM.attributes
                0x000000000000075a       0x2d /opt/st/stm32cubeide_1.3.0/plugins/com.st.stm32cube.ide.mcu.externaltools.gnu-tools-for-stm32.7-2018-q2-update.linux64_1.0.0.201904181610/tools/bin/../lib/gcc/arm-none-eabi/7.3.1/../../../../arm-none-eabi/lib/thumb/v7-m/libc_nano.a(lib_a-wctomb_r.o)
 .ARM.attributes
                0x0000000000000787       0x2d /opt/st/stm32cubeide_1.3.0/plugins/com.st.stm32cube.ide.mcu.externaltools.gnu-tools-for-stm32.7-2018-q2-update.linux64_1.0.0.201904181610/tools/bin/../lib/gcc/arm-none-eabi/7.3.1/../../../../arm-none-eabi/lib/thumb/v7-m/libc_nano.a(lib_a-ctype_.o)
 .ARM.attributes
                0x00000000000007b4       0x2d /opt/st/stm32cubeide_1.3.0/plugins/com.st.stm32cube.ide.mcu.externaltools.gnu-tools-for-stm32.7-2018-q2-update.linux64_1.0.0.201904181610/tools/bin/../lib/gcc/arm-none-eabi/7.3.1/../../../../arm-none-eabi/lib/thumb/v7-m/libc_nano.a(lib_a-dtoa.o)
 .ARM.attributes
                0x00000000000007e1       0x2d /opt/st/stm32cubeide_1.3.0/plugins/com.st.stm32cube.ide.mcu.externaltools.gnu-tools-for-stm32.7-2018-q2-update.linux64_1.0.0.201904181610/tools/bin/../lib/gcc/arm-none-eabi/7.3.1/../../../../arm-none-eabi/lib/thumb/v7-m/libc_nano.a(lib_a-localeconv.o)
 .ARM.attributes
                0x000000000000080e       0x2d /opt/st/stm32cubeide_1.3.0/plugins/com.st.stm32cube.ide.mcu.externaltools.gnu-tools-for-stm32.7-2018-q2-update.linux64_1.0.0.201904181610/tools/bin/../lib/gcc/arm-none-eabi/7.3.1/../../../../arm-none-eabi/lib/thumb/v7-m/libc_nano.a(lib_a-malloc.o)
 .ARM.attributes
                0x000000000000083b       0x2d /opt/st/stm32cubeide_1.3.0/plugins/com.st.stm32cube.ide.mcu.externaltools.gnu-tools-for-stm32.7-2018-q2-update.linux64_1.0.0.201904181610/tools/bin/../lib/gcc/arm-none-eabi/7.3.1/../../../../arm-none-eabi/lib/thumb/v7-m/libc_nano.a(lib_a-mprec.o)
 .ARM.attributes
                0x0000000000000868       0x2d /opt/st/stm32cubeide_1.3.0/plugins/com.st.stm32cube.ide.mcu.externaltools.gnu-tools-for-stm32.7-2018-q2-update.linux64_1.0.0.201904181610/tools/bin/../lib/gcc/arm-none-eabi/7.3.1/../../../../arm-none-eabi/lib/thumb/v7-m/libc_nano.a(lib_a-nano-callocr.o)
 .ARM.attributes
                0x0000000000000895       0x2d /opt/st/stm32cubeide_1.3.0/plugins/com.st.stm32cube.ide.mcu.externaltools.gnu-tools-for-stm32.7-2018-q2-update.linux64_1.0.0.201904181610/tools/bin/../lib/gcc/arm-none-eabi/7.3.1/../../../../arm-none-eabi/lib/thumb/v7-m/libc_nano.a(lib_a-nano-freer.o)
 .ARM.attributes
                0x00000000000008c2       0x2d /opt/st/stm32cubeide_1.3.0/plugins/com.st.stm32cube.ide.mcu.externaltools.gnu-tools-for-stm32.7-2018-q2-update.linux64_1.0.0.201904181610/tools/bin/../lib/gcc/arm-none-eabi/7.3.1/../../../../arm-none-eabi/lib/thumb/v7-m/libc_nano.a(lib_a-nano-mallocr.o)
 .ARM.attributes
                0x00000000000008ef       0x2d /opt/st/stm32cubeide_1.3.0/plugins/com.st.stm32cube.ide.mcu.externaltools.gnu-tools-for-stm32.7-2018-q2-update.linux64_1.0.0.201904181610/tools/bin/../lib/gcc/arm-none-eabi/7.3.1/../../../../arm-none-eabi/lib/thumb/v7-m/libc_nano.a(lib_a-nano-svfprintf.o)
 .ARM.attributes
                0x000000000000091c       0x2d /opt/st/stm32cubeide_1.3.0/plugins/com.st.stm32cube.ide.mcu.externaltools.gnu-tools-for-stm32.7-2018-q2-update.linux64_1.0.0.201904181610/tools/bin/../lib/gcc/arm-none-eabi/7.3.1/../../../../arm-none-eabi/lib/thumb/v7-m/libc_nano.a(lib_a-sbrkr.o)
 .ARM.attributes
                0x0000000000000949       0x2d /opt/st/stm32cubeide_1.3.0/plugins/com.st.stm32cube.ide.mcu.externaltools.gnu-tools-for-stm32.7-2018-q2-update.linux64_1.0.0.201904181610/tools/bin/../lib/gcc/arm-none-eabi/7.3.1/../../../../arm-none-eabi/lib/thumb/v7-m/libc_nano.a(lib_a-memmove.o)
 .ARM.attributes
                0x0000000000000976       0x2d /opt/st/stm32cubeide_1.3.0/plugins/com.st.stm32cube.ide.mcu.externaltools.gnu-tools-for-stm32.7-2018-q2-update.linux64_1.0.0.201904181610/tools/bin/../lib/gcc/arm-none-eabi/7.3.1/../../../../arm-none-eabi/lib/thumb/v7-m/libc_nano.a(lib_a-mlock.o)
 .ARM.attributes
                0x00000000000009a3       0x2d /opt/st/stm32cubeide_1.3.0/plugins/com.st.stm32cube.ide.mcu.externaltools.gnu-tools-for-stm32.7-2018-q2-update.linux64_1.0.0.201904181610/tools/bin/../lib/gcc/arm-none-eabi/7.3.1/../../../../arm-none-eabi/lib/thumb/v7-m/libc_nano.a(lib_a-nano-reallocr.o)
 .ARM.attributes
                0x00000000000009d0       0x2d /opt/st/stm32cubeide_1.3.0/plugins/com.st.stm32cube.ide.mcu.externaltools.gnu-tools-for-stm32.7-2018-q2-update.linux64_1.0.0.201904181610/tools/bin/../lib/gcc/arm-none-eabi/7.3.1/../../../../arm-none-eabi/lib/thumb/v7-m/libc_nano.a(lib_a-reent.o)
 .ARM.attributes
                0x00000000000009fd       0x2d /opt/st/stm32cubeide_1.3.0/plugins/com.st.stm32cube.ide.mcu.externaltools.gnu-tools-for-stm32.7-2018-q2-update.linux64_1.0.0.201904181610/tools/bin/../lib/gcc/arm-none-eabi/7.3.1/../../../../arm-none-eabi/lib/thumb/v7-m/libc_nano.a(lib_a-nano-msizer.o)
 .ARM.attributes
                0x0000000000000a2a       0x1d /opt/st/stm32cubeide_1.3.0/plugins/com.st.stm32cube.ide.mcu.externaltools.gnu-tools-for-stm32.7-2018-q2-update.linux64_1.0.0.201904181610/tools/bin/../lib/gcc/arm-none-eabi/7.3.1/thumb/v7-m/libgcc.a(_arm_addsubdf3.o)
 .ARM.attributes
                0x0000000000000a47       0x1d /opt/st/stm32cubeide_1.3.0/plugins/com.st.stm32cube.ide.mcu.externaltools.gnu-tools-for-stm32.7-2018-q2-update.linux64_1.0.0.201904181610/tools/bin/../lib/gcc/arm-none-eabi/7.3.1/thumb/v7-m/libgcc.a(_arm_muldivdf3.o)
 .ARM.attributes
                0x0000000000000a64       0x1d /opt/st/stm32cubeide_1.3.0/plugins/com.st.stm32cube.ide.mcu.externaltools.gnu-tools-for-stm32.7-2018-q2-update.linux64_1.0.0.201904181610/tools/bin/../lib/gcc/arm-none-eabi/7.3.1/thumb/v7-m/libgcc.a(_arm_cmpdf2.o)
 .ARM.attributes
                0x0000000000000a81       0x1d /opt/st/stm32cubeide_1.3.0/plugins/com.st.stm32cube.ide.mcu.externaltools.gnu-tools-for-stm32.7-2018-q2-update.linux64_1.0.0.201904181610/tools/bin/../lib/gcc/arm-none-eabi/7.3.1/thumb/v7-m/libgcc.a(_arm_unorddf2.o)
 .ARM.attributes
                0x0000000000000a9e       0x1d /opt/st/stm32cubeide_1.3.0/plugins/com.st.stm32cube.ide.mcu.externaltools.gnu-tools-for-stm32.7-2018-q2-update.linux64_1.0.0.201904181610/tools/bin/../lib/gcc/arm-none-eabi/7.3.1/thumb/v7-m/libgcc.a(_arm_fixdfsi.o)
 .ARM.attributes
                0x0000000000000abb       0x1d /opt/st/stm32cubeide_1.3.0/plugins/com.st.stm32cube.ide.mcu.externaltools.gnu-tools-for-stm32.7-2018-q2-update.linux64_1.0.0.201904181610/tools/bin/../lib/gcc/arm-none-eabi/7.3.1/thumb/v7-m/libgcc.a(_arm_fixunsdfsi.o)
 .ARM.attributes
                0x0000000000000ad8       0x1d /opt/st/stm32cubeide_1.3.0/plugins/com.st.stm32cube.ide.mcu.externaltools.gnu-tools-for-stm32.7-2018-q2-update.linux64_1.0.0.201904181610/tools/bin/../lib/gcc/arm-none-eabi/7.3.1/thumb/v7-m/libgcc.a(_aeabi_uldivmod.o)
 .ARM.attributes
                0x0000000000000af5       0x2d /opt/st/stm32cubeide_1.3.0/plugins/com.st.stm32cube.ide.mcu.externaltools.gnu-tools-for-stm32.7-2018-q2-update.linux64_1.0.0.201904181610/tools/bin/../lib/gcc/arm-none-eabi/7.3.1/thumb/v7-m/libgcc.a(_udivmoddi4.o)
 .ARM.attributes
                0x0000000000000b22       0x1d /opt/st/stm32cubeide_1.3.0/plugins/com.st.stm32cube.ide.mcu.externaltools.gnu-tools-for-stm32.7-2018-q2-update.linux64_1.0.0.201904181610/tools/bin/../lib/gcc/arm-none-eabi/7.3.1/thumb/v7-m/libgcc.a(_dvmd_tls.o)
 .ARM.attributes
                0x0000000000000b3f       0x2d /opt/st/stm32cubeide_1.3.0/plugins/com.st.stm32cube.ide.mcu.externaltools.gnu-tools-for-stm32.7-2018-q2-update.linux64_1.0.0.201904181610/tools/bin/../lib/gcc/arm-none-eabi/7.3.1/../../../../arm-none-eabi/lib/thumb/v7-m/libnosys.a(sbrk.o)
 .ARM.attributes
                0x0000000000000b6c       0x1d /opt/st/stm32cubeide_1.3.0/plugins/com.st.stm32cube.ide.mcu.externaltools.gnu-tools-for-stm32.7-2018-q2-update.linux64_1.0.0.201904181610/tools/bin/../lib/gcc/arm-none-eabi/7.3.1/thumb/v7-m/crtn.o
OUTPUT(Ldisp.elf elf32-littlearm)

.debug_info     0x0000000000000000    0x152f3
 .debug_info    0x0000000000000000      0x9bf FreeRTOS/source/heap_1.o
 .debug_info    0x00000000000009bf      0xabd FreeRTOS/source/list.o
 .debug_info    0x000000000000147c      0x32b FreeRTOS/source/port.o
 .debug_info    0x00000000000017a7     0x1d91 FreeRTOS/source/queue.o
 .debug_info    0x0000000000003538     0x250a FreeRTOS/source/tasks.o
 .debug_info    0x0000000000005a42     0x16aa FreeRTOS/source/timers.o
 .debug_info    0x00000000000070ec      0xd21 StdPeriph_Driver/src/stm32f10x_can.o
 .debug_info    0x0000000000007e0d      0x1ff StdPeriph_Driver/src/stm32f10x_crc.o
 .debug_info    0x000000000000800c      0xa01 StdPeriph_Driver/src/stm32f10x_flash.o
 .debug_info    0x0000000000008a0d      0x887 StdPeriph_Driver/src/stm32f10x_gpio.o
 .debug_info    0x0000000000009294      0x200 StdPeriph_Driver/src/stm32f10x_iwdg.o
 .debug_info    0x0000000000009494      0x49c StdPeriph_Driver/src/stm32f10x_pwr.o
 .debug_info    0x0000000000009930      0x8ce StdPeriph_Driver/src/stm32f10x_rcc.o
 .debug_info    0x000000000000a1fe      0x471 StdPeriph_Driver/src/stm32f10x_rtc.o
 .debug_info    0x000000000000a66f      0xca7 src/SysInit.o
 .debug_info    0x000000000000b316     0x261b src/can.o
 .debug_info    0x000000000000d931     0x26c9 src/cmd.o
 .debug_info    0x000000000000fffa     0x21f4 src/main.o
 .debug_info    0x00000000000121ee     0x117d src/stm32f1xx_it.o
 .debug_info    0x000000000001336b      0x46b src/system_stm32f10x.o
 .debug_info    0x00000000000137d6      0xc61 src/tok.o
 .debug_info    0x0000000000014437      0xe9a src/utility.o
 .debug_info    0x00000000000152d1       0x22 startup/startup_stm32.o

.debug_abbrev   0x0000000000000000     0x3510
 .debug_abbrev  0x0000000000000000      0x225 FreeRTOS/source/heap_1.o
 .debug_abbrev  0x0000000000000225      0x1ed FreeRTOS/source/list.o