cmd.c:545:10:GGR_Status	0	static
cmd.c:1019:10:GGC_CPUReset	0	static,ignoring_inline_asm
cmd.c:930:10:GGR_GetIOResp	8	static
cmd.c:955:10:GGR_GetGPSResp	8	static
cmd.c:996:10:GGR_save_param_resp	8	static
cmd.c:605:10:GGR_GetParamResp	16	static
cmd.c:639:10:GGR_SetParamResp	16	static
cmd.c:1038:10:GGC_TPASS_Handle	8	static
cmd.c:681:10:GGC_GetParamHandle	24	static
cmd.c:799:9:GGC_SetParamHandle	24	static
cmd.c:974:10:GGR_TPASS_Resp	16	static
cmd.c:1095:12:GGC_save_param_Handle	8	static
cmd.c:128:10:GGR_SendMessage	0	static
cmd.c:137:10:GGC_FwUpdate	16	static
cmd.c:169:10:GGC_GprsSettings	16	static
cmd.c:251:10:GGR_Command	0	static
cmd.c:154:10:GGR_FwUpdate	8	static
cmd.c:265:10:GGR_General	8	static
cmd.c:276:10:GGR_GprsSettings	0	static
cmd.c:290:10:GGC_StartTracking	0	static
cmd.c:319:10:GGC_StopTracking	0	static
cmd.c:327:10:GGC_PollPosition	0	static
cmd.c:335:10:GGC_DeviceReset	0	static
cmd.c:344:22:ggFindCommand	16	static
cmd.c:359:20:GG_SET_FindParam	0	static
cmd.c:376:10:GG_CheckCommand	16	static
cmd.c:401:22:ProcessGpsGateCommand	0	static
cmd.c:452:24:ProcessCommand	40	static
cmd.c:494:10:GG_Authorization_Check	0	static
cmd.c:671:11:get_val	0	static
cmd.c:1029:12:GetVer	0	static
cmd.c:576:10:GGR_GetVer	16	static
cmd.c:1066:11:GGC_ID_Handle	8	static
cmd.c:1112:10:CMD_Parsing	32	static
