main.c:116:15:get_valve_state	0	static
main.c:156:9:is_CARD	0	static
main.c:195:6:Disp_imp2litr	8	static
main.c:216:6:GDisp_imp2litr	16	static
main.c:268:10:Get_Global	16	static
main.c:297:6:Disp_Global	24	static
main.c:719:6:Pr_start	0	static
main.c:732:6:Pr_stop	0	static
main.c:568:6:vLogicTask	24	static
main.c:751:6:RTC_GetDateTime	32	static
main.c:164:6:Disp_time_to_display	16	static
main.c:307:6:vDisplayTask	40	static
main.c:803:10:CRC_Calc	16	static
main.c:861:9:Settings_read	8	static
main.c:868:9:Settings_check	8	static
main.c:877:9:Settings_write	16	static
main.c:839:6:Write_settings	136	static
main.c:548:6:vDefaultTask	8	static
main.c:895:6:Settings_default	16	static
main.c:815:6:Read_settings	136	static
main.c:73:5:main	16	static,ignoring_inline_asm
